{
    "-profile test_inputs_ccs_lima_refine_map": {
        "content": [
            {
                "BAMTOOLS_CONVERT": {
                    "bamtools": "2.5.2"
                },
                "GSTAMA_COLLAPSE": {
                    "gstama": 20211103
                },
                "GSTAMA_MERGE": {
                    "gstama": "0.0.1"
                },
                "GSTAMA_POLYACLEANUP": {
                    "gstama": 20211103
                },
                "ISOSEQ_REFINE": {
                    "isoseq": "4.0.0"
                },
                "LIMA": {
                    "lima": "2.12.0"
                },
                "MINIMAP2_ALIGN": {
                    "minimap2": "2.29-r1283",
                    "samtools": 1.21
                },
                "PBCCS": {
                    "pbccs": "6.4.0"
                }
            },
            [
                "01_PBCCS",
                "01_PBCCS/sample1.chunk1.bam",
                "01_PBCCS/sample1.chunk1.bam.pbi",
                "01_PBCCS/sample1.chunk1.metrics.json.gz",
                "01_PBCCS/sample1.chunk1.report.json",
                "01_PBCCS/sample1.chunk1.report.txt",
                "01_PBCCS/sample1.chunk2.bam",
                "01_PBCCS/sample1.chunk2.bam.pbi",
                "01_PBCCS/sample1.chunk2.metrics.json.gz",
                "01_PBCCS/sample1.chunk2.report.json",
                "01_PBCCS/sample1.chunk2.report.txt",
                "01_PBCCS/sample1.chunk3.bam",
                "01_PBCCS/sample1.chunk3.bam.pbi",
                "01_PBCCS/sample1.chunk3.metrics.json.gz",
                "01_PBCCS/sample1.chunk3.report.json",
                "01_PBCCS/sample1.chunk3.report.txt",
                "01_PBCCS/sample1.chunk4.bam",
                "01_PBCCS/sample1.chunk4.bam.pbi",
                "01_PBCCS/sample1.chunk4.metrics.json.gz",
                "01_PBCCS/sample1.chunk4.report.json",
                "01_PBCCS/sample1.chunk4.report.txt",
                "01_PBCCS/sample1.chunk5.bam",
                "01_PBCCS/sample1.chunk5.bam.pbi",
                "01_PBCCS/sample1.chunk5.metrics.json.gz",
                "01_PBCCS/sample1.chunk5.report.json",
                "01_PBCCS/sample1.chunk5.report.txt",
                "02_LIMA",
                "02_LIMA/sample1.chunk1_flnc.NEB_5p--NEB_Clontech_3p.bam",
                "02_LIMA/sample1.chunk1_flnc.NEB_5p--NEB_Clontech_3p.bam.pbi",
                "02_LIMA/sample1.chunk1_flnc.NEB_5p--NEB_Clontech_3p.consensusreadset.xml",
                "02_LIMA/sample1.chunk1_flnc.consensusreadset.xml",
                "02_LIMA/sample1.chunk1_flnc.json",
                "02_LIMA/sample1.chunk1_flnc.lima.clips",
                "02_LIMA/sample1.chunk1_flnc.lima.counts",
                "02_LIMA/sample1.chunk1_flnc.lima.guess",
                "02_LIMA/sample1.chunk1_flnc.lima.report",
                "02_LIMA/sample1.chunk1_flnc.lima.summary",
                "02_LIMA/sample1.chunk2_flnc.NEB_5p--NEB_Clontech_3p.bam",
                "02_LIMA/sample1.chunk2_flnc.NEB_5p--NEB_Clontech_3p.bam.pbi",
                "02_LIMA/sample1.chunk2_flnc.NEB_5p--NEB_Clontech_3p.consensusreadset.xml",
                "02_LIMA/sample1.chunk2_flnc.consensusreadset.xml",
                "02_LIMA/sample1.chunk2_flnc.json",
                "02_LIMA/sample1.chunk2_flnc.lima.clips",
                "02_LIMA/sample1.chunk2_flnc.lima.counts",
                "02_LIMA/sample1.chunk2_flnc.lima.guess",
                "02_LIMA/sample1.chunk2_flnc.lima.report",
                "02_LIMA/sample1.chunk2_flnc.lima.summary",
                "02_LIMA/sample1.chunk3_flnc.NEB_5p--NEB_Clontech_3p.bam",
                "02_LIMA/sample1.chunk3_flnc.NEB_5p--NEB_Clontech_3p.bam.pbi",
                "02_LIMA/sample1.chunk3_flnc.NEB_5p--NEB_Clontech_3p.consensusreadset.xml",
                "02_LIMA/sample1.chunk3_flnc.consensusreadset.xml",
                "02_LIMA/sample1.chunk3_flnc.json",
                "02_LIMA/sample1.chunk3_flnc.lima.clips",
                "02_LIMA/sample1.chunk3_flnc.lima.counts",
                "02_LIMA/sample1.chunk3_flnc.lima.guess",
                "02_LIMA/sample1.chunk3_flnc.lima.report",
                "02_LIMA/sample1.chunk3_flnc.lima.summary",
                "02_LIMA/sample1.chunk4_flnc.NEB_5p--NEB_Clontech_3p.bam",
                "02_LIMA/sample1.chunk4_flnc.NEB_5p--NEB_Clontech_3p.bam.pbi",
                "02_LIMA/sample1.chunk4_flnc.NEB_5p--NEB_Clontech_3p.consensusreadset.xml",
                "02_LIMA/sample1.chunk4_flnc.consensusreadset.xml",
                "02_LIMA/sample1.chunk4_flnc.json",
                "02_LIMA/sample1.chunk4_flnc.lima.clips",
                "02_LIMA/sample1.chunk4_flnc.lima.counts",
                "02_LIMA/sample1.chunk4_flnc.lima.guess",
                "02_LIMA/sample1.chunk4_flnc.lima.report",
                "02_LIMA/sample1.chunk4_flnc.lima.summary",
                "02_LIMA/sample1.chunk5_flnc.NEB_5p--NEB_Clontech_3p.bam",
                "02_LIMA/sample1.chunk5_flnc.NEB_5p--NEB_Clontech_3p.bam.pbi",
                "02_LIMA/sample1.chunk5_flnc.NEB_5p--NEB_Clontech_3p.consensusreadset.xml",
                "02_LIMA/sample1.chunk5_flnc.consensusreadset.xml",
                "02_LIMA/sample1.chunk5_flnc.json",
                "02_LIMA/sample1.chunk5_flnc.lima.clips",
                "02_LIMA/sample1.chunk5_flnc.lima.counts",
                "02_LIMA/sample1.chunk5_flnc.lima.guess",
                "02_LIMA/sample1.chunk5_flnc.lima.report",
                "02_LIMA/sample1.chunk5_flnc.lima.summary",
                "02_LIMA/sample2.chunk1_flnc.NEB_5p--NEB_Clontech_3p.bam",
                "02_LIMA/sample2.chunk1_flnc.NEB_5p--NEB_Clontech_3p.bam.pbi",
                "02_LIMA/sample2.chunk1_flnc.NEB_5p--NEB_Clontech_3p.consensusreadset.xml",
                "02_LIMA/sample2.chunk1_flnc.consensusreadset.xml",
                "02_LIMA/sample2.chunk1_flnc.json",
                "02_LIMA/sample2.chunk1_flnc.lima.clips",
                "02_LIMA/sample2.chunk1_flnc.lima.counts",
                "02_LIMA/sample2.chunk1_flnc.lima.guess",
                "02_LIMA/sample2.chunk1_flnc.lima.report",
                "02_LIMA/sample2.chunk1_flnc.lima.summary",
                "03_ISOSEQ_REFINE",
                "03_ISOSEQ_REFINE/sample1.chunk1.bam",
                "03_ISOSEQ_REFINE/sample1.chunk1.bam.pbi",
                "03_ISOSEQ_REFINE/sample1.chunk1.consensusreadset.xml",
                "03_ISOSEQ_REFINE/sample1.chunk1.filter_summary.report.json",
                "03_ISOSEQ_REFINE/sample1.chunk1.report.csv",
                "03_ISOSEQ_REFINE/sample1.chunk2.bam",
                "03_ISOSEQ_REFINE/sample1.chunk2.bam.pbi",
                "03_ISOSEQ_REFINE/sample1.chunk2.consensusreadset.xml",
                "03_ISOSEQ_REFINE/sample1.chunk2.filter_summary.report.json",
                "03_ISOSEQ_REFINE/sample1.chunk2.report.csv",
                "03_ISOSEQ_REFINE/sample1.chunk3.bam",
                "03_ISOSEQ_REFINE/sample1.chunk3.bam.pbi",
                "03_ISOSEQ_REFINE/sample1.chunk3.consensusreadset.xml",
                "03_ISOSEQ_REFINE/sample1.chunk3.filter_summary.report.json",
                "03_ISOSEQ_REFINE/sample1.chunk3.report.csv",
                "03_ISOSEQ_REFINE/sample1.chunk4.bam",
                "03_ISOSEQ_REFINE/sample1.chunk4.bam.pbi",
                "03_ISOSEQ_REFINE/sample1.chunk4.consensusreadset.xml",
                "03_ISOSEQ_REFINE/sample1.chunk4.filter_summary.report.json",
                "03_ISOSEQ_REFINE/sample1.chunk4.report.csv",
                "03_ISOSEQ_REFINE/sample1.chunk5.bam",
                "03_ISOSEQ_REFINE/sample1.chunk5.bam.pbi",
                "03_ISOSEQ_REFINE/sample1.chunk5.consensusreadset.xml",
                "03_ISOSEQ_REFINE/sample1.chunk5.filter_summary.report.json",
                "03_ISOSEQ_REFINE/sample1.chunk5.report.csv",
                "03_ISOSEQ_REFINE/sample2.chunk1.bam",
                "03_ISOSEQ_REFINE/sample2.chunk1.bam.pbi",
                "03_ISOSEQ_REFINE/sample2.chunk1.consensusreadset.xml",
                "03_ISOSEQ_REFINE/sample2.chunk1.filter_summary.report.json",
                "03_ISOSEQ_REFINE/sample2.chunk1.report.csv",
                "03_ISOSEQ_REFINE/sample3.chunk1.bam",
                "03_ISOSEQ_REFINE/sample3.chunk1.bam.pbi",
                "03_ISOSEQ_REFINE/sample3.chunk1.consensusreadset.xml",
                "03_ISOSEQ_REFINE/sample3.chunk1.filter_summary.report.json",
                "03_ISOSEQ_REFINE/sample3.chunk1.report.csv",
                "04_BAMTOOLS_CONVERT",
                "04_BAMTOOLS_CONVERT/sample1.chunk1.fasta",
                "04_BAMTOOLS_CONVERT/sample1.chunk2.fasta",
                "04_BAMTOOLS_CONVERT/sample1.chunk3.fasta",
                "04_BAMTOOLS_CONVERT/sample1.chunk4.fasta",
                "04_BAMTOOLS_CONVERT/sample1.chunk5.fasta",
                "04_BAMTOOLS_CONVERT/sample2.chunk1.fasta",
                "04_BAMTOOLS_CONVERT/sample3.chunk1.fasta",
                "05_GSTAMA_POLYACLEANUP",
                "05_GSTAMA_POLYACLEANUP/sample1.chunk1_tama.fa.gz",
                "05_GSTAMA_POLYACLEANUP/sample1.chunk1_tama_polya_flnc_report.txt.gz",
                "05_GSTAMA_POLYACLEANUP/sample1.chunk1_tama_tails.fa.gz",
                "05_GSTAMA_POLYACLEANUP/sample1.chunk2_tama.fa.gz",
                "05_GSTAMA_POLYACLEANUP/sample1.chunk2_tama_polya_flnc_report.txt.gz",
                "05_GSTAMA_POLYACLEANUP/sample1.chunk2_tama_tails.fa.gz",
                "05_GSTAMA_POLYACLEANUP/sample1.chunk3_tama.fa.gz",
                "05_GSTAMA_POLYACLEANUP/sample1.chunk3_tama_polya_flnc_report.txt.gz",
                "05_GSTAMA_POLYACLEANUP/sample1.chunk3_tama_tails.fa.gz",
                "05_GSTAMA_POLYACLEANUP/sample1.chunk4_tama.fa.gz",
                "05_GSTAMA_POLYACLEANUP/sample1.chunk4_tama_polya_flnc_report.txt.gz",
                "05_GSTAMA_POLYACLEANUP/sample1.chunk4_tama_tails.fa.gz",
                "05_GSTAMA_POLYACLEANUP/sample1.chunk5_tama.fa.gz",
                "05_GSTAMA_POLYACLEANUP/sample1.chunk5_tama_polya_flnc_report.txt.gz",
                "05_GSTAMA_POLYACLEANUP/sample1.chunk5_tama_tails.fa.gz",
                "05_GSTAMA_POLYACLEANUP/sample2.chunk1_tama.fa.gz",
                "05_GSTAMA_POLYACLEANUP/sample2.chunk1_tama_polya_flnc_report.txt.gz",
                "05_GSTAMA_POLYACLEANUP/sample2.chunk1_tama_tails.fa.gz",
                "05_GSTAMA_POLYACLEANUP/sample3.chunk1_tama.fa.gz",
                "05_GSTAMA_POLYACLEANUP/sample3.chunk1_tama_polya_flnc_report.txt.gz",
                "05_GSTAMA_POLYACLEANUP/sample3.chunk1_tama_tails.fa.gz",
                "06_MINIMAP2",
                "06_MINIMAP2/sample1.chunk1.bam",
                "06_MINIMAP2/sample1.chunk1.bam.bai",
                "06_MINIMAP2/sample1.chunk2.bam",
                "06_MINIMAP2/sample1.chunk2.bam.bai",
                "06_MINIMAP2/sample1.chunk3.bam",
                "06_MINIMAP2/sample1.chunk3.bam.bai",
                "06_MINIMAP2/sample1.chunk4.bam",
                "06_MINIMAP2/sample1.chunk4.bam.bai",
                "06_MINIMAP2/sample1.chunk5.bam",
                "06_MINIMAP2/sample1.chunk5.bam.bai",
                "06_MINIMAP2/sample2.chunk1.bam",
                "06_MINIMAP2/sample2.chunk1.bam.bai",
                "06_MINIMAP2/sample3.chunk1.bam",
                "06_MINIMAP2/sample3.chunk1.bam.bai",
                "06_MINIMAP2/sample4.chunk.1.bam",
                "06_MINIMAP2/sample4.chunk.1.bam.bai",
                "06_MINIMAP2/sample4.chunk.2.bam",
                "06_MINIMAP2/sample4.chunk.2.bam.bai",
                "06_MINIMAP2/sample4.chunk.3.bam",
                "06_MINIMAP2/sample4.chunk.3.bam.bai",
                "07_GSTAMA_COLLAPSE",
                "07_GSTAMA_COLLAPSE/sample1.chunk1_collapsed.bed",
                "07_GSTAMA_COLLAPSE/sample1.chunk1_local_density_error.txt",
                "07_GSTAMA_COLLAPSE/sample1.chunk1_polya.txt",
                "07_GSTAMA_COLLAPSE/sample1.chunk1_read.txt",
                "07_GSTAMA_COLLAPSE/sample1.chunk1_strand_check.txt",
                "07_GSTAMA_COLLAPSE/sample1.chunk1_trans_read.bed",
                "07_GSTAMA_COLLAPSE/sample1.chunk1_trans_report.txt",
                "07_GSTAMA_COLLAPSE/sample1.chunk1_varcov.txt",
                "07_GSTAMA_COLLAPSE/sample1.chunk1_variants.txt",
                "07_GSTAMA_COLLAPSE/sample1.chunk2_collapsed.bed",
                "07_GSTAMA_COLLAPSE/sample1.chunk2_local_density_error.txt",
                "07_GSTAMA_COLLAPSE/sample1.chunk2_polya.txt",
                "07_GSTAMA_COLLAPSE/sample1.chunk2_read.txt",
                "07_GSTAMA_COLLAPSE/sample1.chunk2_strand_check.txt",
                "07_GSTAMA_COLLAPSE/sample1.chunk2_trans_read.bed",
                "07_GSTAMA_COLLAPSE/sample1.chunk2_trans_report.txt",
                "07_GSTAMA_COLLAPSE/sample1.chunk2_varcov.txt",
                "07_GSTAMA_COLLAPSE/sample1.chunk2_variants.txt",
                "07_GSTAMA_COLLAPSE/sample1.chunk3_collapsed.bed",
                "07_GSTAMA_COLLAPSE/sample1.chunk3_local_density_error.txt",
                "07_GSTAMA_COLLAPSE/sample1.chunk3_polya.txt",
                "07_GSTAMA_COLLAPSE/sample1.chunk3_read.txt",
                "07_GSTAMA_COLLAPSE/sample1.chunk3_strand_check.txt",
                "07_GSTAMA_COLLAPSE/sample1.chunk3_trans_read.bed",
                "07_GSTAMA_COLLAPSE/sample1.chunk3_trans_report.txt",
                "07_GSTAMA_COLLAPSE/sample1.chunk3_varcov.txt",
                "07_GSTAMA_COLLAPSE/sample1.chunk3_variants.txt",
                "07_GSTAMA_COLLAPSE/sample1.chunk4_collapsed.bed",
                "07_GSTAMA_COLLAPSE/sample1.chunk4_local_density_error.txt",
                "07_GSTAMA_COLLAPSE/sample1.chunk4_polya.txt",
                "07_GSTAMA_COLLAPSE/sample1.chunk4_read.txt",
                "07_GSTAMA_COLLAPSE/sample1.chunk4_strand_check.txt",
                "07_GSTAMA_COLLAPSE/sample1.chunk4_trans_read.bed",
                "07_GSTAMA_COLLAPSE/sample1.chunk4_trans_report.txt",
                "07_GSTAMA_COLLAPSE/sample1.chunk4_varcov.txt",
                "07_GSTAMA_COLLAPSE/sample1.chunk4_variants.txt",
                "07_GSTAMA_COLLAPSE/sample1.chunk5_collapsed.bed",
                "07_GSTAMA_COLLAPSE/sample1.chunk5_local_density_error.txt",
                "07_GSTAMA_COLLAPSE/sample1.chunk5_polya.txt",
                "07_GSTAMA_COLLAPSE/sample1.chunk5_read.txt",
                "07_GSTAMA_COLLAPSE/sample1.chunk5_strand_check.txt",
                "07_GSTAMA_COLLAPSE/sample1.chunk5_trans_read.bed",
                "07_GSTAMA_COLLAPSE/sample1.chunk5_trans_report.txt",
                "07_GSTAMA_COLLAPSE/sample1.chunk5_varcov.txt",
                "07_GSTAMA_COLLAPSE/sample1.chunk5_variants.txt",
                "07_GSTAMA_COLLAPSE/sample2.chunk1_collapsed.bed",
                "07_GSTAMA_COLLAPSE/sample2.chunk1_local_density_error.txt",
                "07_GSTAMA_COLLAPSE/sample2.chunk1_polya.txt",
                "07_GSTAMA_COLLAPSE/sample2.chunk1_read.txt",
                "07_GSTAMA_COLLAPSE/sample2.chunk1_strand_check.txt",
                "07_GSTAMA_COLLAPSE/sample2.chunk1_trans_read.bed",
                "07_GSTAMA_COLLAPSE/sample2.chunk1_trans_report.txt",
                "07_GSTAMA_COLLAPSE/sample2.chunk1_varcov.txt",
                "07_GSTAMA_COLLAPSE/sample2.chunk1_variants.txt",
                "07_GSTAMA_COLLAPSE/sample3.chunk1_collapsed.bed",
                "07_GSTAMA_COLLAPSE/sample3.chunk1_local_density_error.txt",
                "07_GSTAMA_COLLAPSE/sample3.chunk1_polya.txt",
                "07_GSTAMA_COLLAPSE/sample3.chunk1_read.txt",
                "07_GSTAMA_COLLAPSE/sample3.chunk1_strand_check.txt",
                "07_GSTAMA_COLLAPSE/sample3.chunk1_trans_read.bed",
                "07_GSTAMA_COLLAPSE/sample3.chunk1_trans_report.txt",
                "07_GSTAMA_COLLAPSE/sample3.chunk1_varcov.txt",
                "07_GSTAMA_COLLAPSE/sample3.chunk1_variants.txt",
                "07_GSTAMA_COLLAPSE/sample4.chunk.1_collapsed.bed",
                "07_GSTAMA_COLLAPSE/sample4.chunk.1_local_density_error.txt",
                "07_GSTAMA_COLLAPSE/sample4.chunk.1_polya.txt",
                "07_GSTAMA_COLLAPSE/sample4.chunk.1_read.txt",
                "07_GSTAMA_COLLAPSE/sample4.chunk.1_strand_check.txt",
                "07_GSTAMA_COLLAPSE/sample4.chunk.1_trans_read.bed",
                "07_GSTAMA_COLLAPSE/sample4.chunk.1_trans_report.txt",
                "07_GSTAMA_COLLAPSE/sample4.chunk.1_varcov.txt",
                "07_GSTAMA_COLLAPSE/sample4.chunk.1_variants.txt",
                "07_GSTAMA_COLLAPSE/sample4.chunk.2_collapsed.bed",
                "07_GSTAMA_COLLAPSE/sample4.chunk.2_local_density_error.txt",
                "07_GSTAMA_COLLAPSE/sample4.chunk.2_polya.txt",
                "07_GSTAMA_COLLAPSE/sample4.chunk.2_read.txt",
                "07_GSTAMA_COLLAPSE/sample4.chunk.2_strand_check.txt",
                "07_GSTAMA_COLLAPSE/sample4.chunk.2_trans_read.bed",
                "07_GSTAMA_COLLAPSE/sample4.chunk.2_trans_report.txt",
                "07_GSTAMA_COLLAPSE/sample4.chunk.2_varcov.txt",
                "07_GSTAMA_COLLAPSE/sample4.chunk.2_variants.txt",
                "07_GSTAMA_COLLAPSE/sample4.chunk.3_collapsed.bed",
                "07_GSTAMA_COLLAPSE/sample4.chunk.3_local_density_error.txt",
                "07_GSTAMA_COLLAPSE/sample4.chunk.3_polya.txt",
                "07_GSTAMA_COLLAPSE/sample4.chunk.3_read.txt",
                "07_GSTAMA_COLLAPSE/sample4.chunk.3_strand_check.txt",
                "07_GSTAMA_COLLAPSE/sample4.chunk.3_trans_read.bed",
                "07_GSTAMA_COLLAPSE/sample4.chunk.3_trans_report.txt",
                "07_GSTAMA_COLLAPSE/sample4.chunk.3_varcov.txt",
                "07_GSTAMA_COLLAPSE/sample4.chunk.3_variants.txt",
                "08_GSTAMA_FILELIST",
                "08_GSTAMA_FILELIST/sample1.tsv",
                "08_GSTAMA_FILELIST/sample2.tsv",
                "08_GSTAMA_FILELIST/sample3.tsv",
                "08_GSTAMA_FILELIST/sample4.tsv",
                "09_GSTAMA_MERGE",
                "09_GSTAMA_MERGE/sample1.bed",
                "09_GSTAMA_MERGE/sample1_gene_report.txt",
                "09_GSTAMA_MERGE/sample1_merge.txt",
                "09_GSTAMA_MERGE/sample1_trans_report.txt",
                "09_GSTAMA_MERGE/sample2.bed",
                "09_GSTAMA_MERGE/sample2_gene_report.txt",
                "09_GSTAMA_MERGE/sample2_merge.txt",
                "09_GSTAMA_MERGE/sample2_trans_report.txt",
                "09_GSTAMA_MERGE/sample3.bed",
                "09_GSTAMA_MERGE/sample3_gene_report.txt",
                "09_GSTAMA_MERGE/sample3_merge.txt",
                "09_GSTAMA_MERGE/sample3_trans_report.txt",
                "09_GSTAMA_MERGE/sample4.bed",
                "09_GSTAMA_MERGE/sample4_gene_report.txt",
                "09_GSTAMA_MERGE/sample4_merge.txt",
                "09_GSTAMA_MERGE/sample4_trans_report.txt",
                "multiqc",
                "multiqc/multiqc_data",
                "multiqc/multiqc_data/ccs-filter-graph.txt",
                "multiqc/multiqc_data/lima-filter-graph.txt",
                "multiqc/multiqc_data/llms-full.txt",
                "multiqc/multiqc_data/multiqc.log",
                "multiqc/multiqc_data/multiqc.parquet",
                "multiqc/multiqc_data/multiqc_ccs_report.txt",
                "multiqc/multiqc_data/multiqc_citations.txt",
                "multiqc/multiqc_data/multiqc_data.json",
                "multiqc/multiqc_data/multiqc_general_stats.txt",
                "multiqc/multiqc_data/multiqc_lima_counts.txt",
                "multiqc/multiqc_data/multiqc_lima_summary.txt",
                "multiqc/multiqc_data/multiqc_software_versions.txt",
                "multiqc/multiqc_data/multiqc_sources.txt",
                "multiqc/multiqc_plots",
                "multiqc/multiqc_plots/pdf",
                "multiqc/multiqc_plots/pdf/ccs-filter-graph-cnt.pdf",
                "multiqc/multiqc_plots/pdf/ccs-filter-graph-log.pdf",
                "multiqc/multiqc_plots/pdf/ccs-filter-graph-pct-log.pdf",
                "multiqc/multiqc_plots/pdf/ccs-filter-graph-pct.pdf",
                "multiqc/multiqc_plots/pdf/lima-filter-graph-cnt.pdf",
                "multiqc/multiqc_plots/pdf/lima-filter-graph-pct.pdf",
                "multiqc/multiqc_plots/pdf/multiqc_lima_counts.pdf",
                "multiqc/multiqc_plots/png",
                "multiqc/multiqc_plots/png/ccs-filter-graph-cnt.png",
                "multiqc/multiqc_plots/png/ccs-filter-graph-log.png",
                "multiqc/multiqc_plots/png/ccs-filter-graph-pct-log.png",
                "multiqc/multiqc_plots/png/ccs-filter-graph-pct.png",
                "multiqc/multiqc_plots/png/lima-filter-graph-cnt.png",
                "multiqc/multiqc_plots/png/lima-filter-graph-pct.png",
                "multiqc/multiqc_plots/png/multiqc_lima_counts.png",
                "multiqc/multiqc_plots/svg",
                "multiqc/multiqc_plots/svg/ccs-filter-graph-cnt.svg",
                "multiqc/multiqc_plots/svg/ccs-filter-graph-log.svg",
                "multiqc/multiqc_plots/svg/ccs-filter-graph-pct-log.svg",
                "multiqc/multiqc_plots/svg/ccs-filter-graph-pct.svg",
                "multiqc/multiqc_plots/svg/lima-filter-graph-cnt.svg",
                "multiqc/multiqc_plots/svg/lima-filter-graph-pct.svg",
                "multiqc/multiqc_plots/svg/multiqc_lima_counts.svg",
                "multiqc/multiqc_report.html",
                "pipeline_info",
                "pipeline_info/nf_core_isoseq_software_mqc_versions.yml"
            ],
            [
                "sample1.chunk1.bam:md5,9481bf0c3c6ca1fee7b5b38b8fbdebfb",
                "sample1.chunk1.bam.pbi:md5,d0ceccf8a45537c7c10b0c7f51dc7a13",
                "sample1.chunk1.report.txt:md5,5e2f87fae296a25c6135ca66fe34b371",
                "sample1.chunk2.bam:md5,18e94ae860bc94a2936584a210c0a93b",
                "sample1.chunk2.bam.pbi:md5,65af6241c304e3d8766888f8c18a8538",
                "sample1.chunk2.report.txt:md5,4160e01a1516a67d6b023216c4aa3e78",
                "sample1.chunk3.bam:md5,d72e4c28bde3b13d0ca33695282ddebb",
                "sample1.chunk3.bam.pbi:md5,0b831f8cff3c80a013446d2b5d915819",
                "sample1.chunk3.report.txt:md5,48fdb9fdc1a8605094174fd255d55319",
                "sample1.chunk4.bam:md5,6a89125ee84947048aa6f9b37d701a34",
                "sample1.chunk4.bam.pbi:md5,df1cd1ca7b3af92f540400fb8cd023e0",
                "sample1.chunk4.report.txt:md5,4f586f8642858074e802d9b19c5b9872",
                "sample1.chunk5.bam:md5,6ba56bc6fbb9ebb972fccc44e1c459e0",
                "sample1.chunk5.bam.pbi:md5,a9af4726d03150e93fff4ce0a6fe454e",
                "sample1.chunk5.report.txt:md5,a8dddb323068b43935cb7ccae165c373",
                "sample1.chunk1_flnc.NEB_5p--NEB_Clontech_3p.bam:md5,d7058d29cf28c4d5503ea270701761a2",
                "sample1.chunk1_flnc.NEB_5p--NEB_Clontech_3p.bam.pbi:md5,4d7e99787b4270f60bff4b0f95391c09",
                "sample1.chunk1_flnc.lima.clips:md5,454496196732c3f4880d7f8996b52892",
                "sample1.chunk1_flnc.lima.counts:md5,01bd4f886883d97a723ac130516126ef",
                "sample1.chunk1_flnc.lima.guess:md5,5a2ed97558c76fbfc42f6132512dac96",
                "sample1.chunk1_flnc.lima.report:md5,6238b8b855d29d8bdf3be414f50ef5e1",
                "sample1.chunk1_flnc.lima.summary:md5,574763ef859d52867dc7c6335e7d723a",
                "sample1.chunk2_flnc.NEB_5p--NEB_Clontech_3p.bam:md5,a53b3a82b260f15cb35057dee5a2595d",
                "sample1.chunk2_flnc.NEB_5p--NEB_Clontech_3p.bam.pbi:md5,75ca114855d8ba6eecab8e7512bb2224",
                "sample1.chunk2_flnc.lima.clips:md5,d6df63c3e3234ae443bc8713092ffb98",
                "sample1.chunk2_flnc.lima.counts:md5,8e9699fa9f37c7c3c57c1eb92ea687b3",
                "sample1.chunk2_flnc.lima.guess:md5,e6a608f7ad88a5977f37f378a7a1affb",
                "sample1.chunk2_flnc.lima.report:md5,548df65673730979dd840eaa1a3f07ea",
                "sample1.chunk2_flnc.lima.summary:md5,c258654f45e0be1aa1bc8f42c7fb2a4d",
                "sample1.chunk3_flnc.NEB_5p--NEB_Clontech_3p.bam:md5,5170fb65c8b010b691cc9b87ac88a29a",
                "sample1.chunk3_flnc.NEB_5p--NEB_Clontech_3p.bam.pbi:md5,ee14ef45cbbb26bc13998ced934bd22b",
                "sample1.chunk3_flnc.lima.clips:md5,d1fde602e417a5e3736e2cc99483fe12",
                "sample1.chunk3_flnc.lima.counts:md5,d1991b775c90482e41f2706c20277c8f",
                "sample1.chunk3_flnc.lima.guess:md5,8c88e61dbe378bb2e970e1c29cd3c4c1",
                "sample1.chunk3_flnc.lima.report:md5,48ef78d4b532addb48e4903924df5447",
                "sample1.chunk3_flnc.lima.summary:md5,365c6ebbeecec1ad1309ded9cf480272",
                "sample1.chunk4_flnc.NEB_5p--NEB_Clontech_3p.bam:md5,e9cd8590b88bbd9dc96464316fadb51e",
                "sample1.chunk4_flnc.NEB_5p--NEB_Clontech_3p.bam.pbi:md5,110cbdfebbf2c232408096b4a2dbcd1b",
                "sample1.chunk4_flnc.lima.clips:md5,633d02e7df637ddef9d5769ee7523639",
                "sample1.chunk4_flnc.lima.counts:md5,96aebefa4474767d7031e39d95a4d1c0",
                "sample1.chunk4_flnc.lima.guess:md5,374642ac513d7216f80c1d5a03b4c7b7",
                "sample1.chunk4_flnc.lima.report:md5,1643f293c8d4f547e3182b2428d92ccb",
                "sample1.chunk4_flnc.lima.summary:md5,fd432c63d1d5806d77c5092e366260ca",
                "sample1.chunk5_flnc.NEB_5p--NEB_Clontech_3p.bam:md5,3548c4568bffaf995af5fcb249d248d5",
                "sample1.chunk5_flnc.NEB_5p--NEB_Clontech_3p.bam.pbi:md5,7220b4fff714a27170d048145b1d641d",
                "sample1.chunk5_flnc.lima.clips:md5,ab0d851c6bae9ba9cf84a27d50fbba20",
                "sample1.chunk5_flnc.lima.counts:md5,2cd73105100cc69258a7431a5f5658a4",
                "sample1.chunk5_flnc.lima.guess:md5,08fdcaf443f65132f8ae831309dc713b",
                "sample1.chunk5_flnc.lima.report:md5,b98c98088e3e59765ad93aabe304e62d",
                "sample1.chunk5_flnc.lima.summary:md5,77bdbf2e0bce1597c974746aa1222df5",
                "sample2.chunk1_flnc.NEB_5p--NEB_Clontech_3p.bam:md5,d524327563712b9e3ca42b7a4c3dd4ef",
                "sample2.chunk1_flnc.NEB_5p--NEB_Clontech_3p.bam.pbi:md5,42fbab50ff133d337f00cbb53c8e66dc",
                "sample2.chunk1_flnc.lima.clips:md5,fa03bc75bd78b2648a139fd67c69208f",
                "sample2.chunk1_flnc.lima.counts:md5,842c6a23ca2de504ced4538ad5111da1",
                "sample2.chunk1_flnc.lima.guess:md5,d3675af3ca8a908ee9e3c231668392d3",
                "sample2.chunk1_flnc.lima.report:md5,dc073985322ae0a003ccc7e0fa4db5e6",
                "sample2.chunk1_flnc.lima.summary:md5,bcbcaaaca418bdeb91141c81715ca420",
                "sample1.chunk1.bam:md5,954233108bfd310207b728717112eb5d",
                "sample1.chunk1.bam.pbi:md5,7383f12d373361aac2d9d2158002ad04",
                "sample1.chunk1.report.csv:md5,44eeeb49c3f86a52f40ffbd8320e3a06",
                "sample1.chunk2.bam:md5,5cf5e0214cb1d867c86a156ed74aa631",
                "sample1.chunk2.bam.pbi:md5,aa43462ff21a04685840e389c6df23b8",
                "sample1.chunk2.report.csv:md5,3c000f3c2dceccec8e68e2101ccb29a0",
                "sample1.chunk3.bam:md5,0edb142fd8449d1b59e79376db003f2a",
                "sample1.chunk3.bam.pbi:md5,c171d37825de8e2d4f727a69565056e2",
                "sample1.chunk3.report.csv:md5,3f71153a4389c184848fbf9076dedfca",
                "sample1.chunk4.bam:md5,2fdd9d7fefaf718964f2a705f0ac26e8",
                "sample1.chunk4.bam.pbi:md5,13fe13a2a2bbca4dc4167538d122db1a",
                "sample1.chunk4.report.csv:md5,10438a332df3673df211529f3b55a635",
                "sample1.chunk5.bam:md5,a5884c40cf37b69c90220268e09dc1da",
                "sample1.chunk5.bam.pbi:md5,e0c55b17bfb759ad0722525f55503680",
                "sample1.chunk5.report.csv:md5,7dbdca744ba863b362410c4fb0fbb6ab",
                "sample2.chunk1.bam:md5,e2885651b1cece599293825978639343",
                "sample2.chunk1.bam.pbi:md5,0dff7adedd0dedc313583e546aff33fd",
                "sample2.chunk1.report.csv:md5,d42a139e5d9b08396bdb087c01243ea9",
                "sample3.chunk1.bam:md5,14b13c1e088dfd450bdfdb66898e3009",
                "sample3.chunk1.bam.pbi:md5,1ad28c4815bc7ee47137ed1466d0685c",
                "sample3.chunk1.report.csv:md5,44eeeb49c3f86a52f40ffbd8320e3a06",
                "sample1.chunk1.fasta:md5,32d548c6d7840dccf2542194aed84aee",
                "sample1.chunk2.fasta:md5,e59d9e3cc7163e0a7ba5f93f9a91a894",
                "sample1.chunk3.fasta:md5,6b7855f3ed392e3ea313d1fe732cfacf",
                "sample1.chunk4.fasta:md5,b955c90a945211d89e03069a751aed43",
                "sample1.chunk5.fasta:md5,0e126b8c3002e5fa600ef48732fa6183",
                "sample2.chunk1.fasta:md5,c5c29b8da57e24222fded8814ea43fca",
                "sample3.chunk1.fasta:md5,32d548c6d7840dccf2542194aed84aee",
                "sample1.chunk1_tama.fa.gz:md5,123d1c8aa61372b00708bf187525a7e8",
                "sample1.chunk1_tama_polya_flnc_report.txt.gz:md5,6a47612bcb322b4a5e33f55d52c683f2",
                "sample1.chunk1_tama_tails.fa.gz:md5,b5265bd73fb2e18d3642e271caf81f38",
                "sample1.chunk2_tama.fa.gz:md5,1124febf474adbbb35051e091199b74a",
                "sample1.chunk2_tama_polya_flnc_report.txt.gz:md5,dd8fc1193f0269bc000c005c445245ef",
                "sample1.chunk2_tama_tails.fa.gz:md5,e1dddbef670a07cc9a6f37269c474aa1",
                "sample1.chunk3_tama.fa.gz:md5,5c831ec6cfb2061fc5e158c524689947",
                "sample1.chunk3_tama_polya_flnc_report.txt.gz:md5,81accd783a26ce65839b56b1b75ad1c7",
                "sample1.chunk3_tama_tails.fa.gz:md5,8182e5590ec98c390f20b2a4812bd608",
                "sample1.chunk4_tama.fa.gz:md5,5e2b0b58badab17820a2823261f62a4e",
                "sample1.chunk4_tama_polya_flnc_report.txt.gz:md5,aeeee9ec5e28c503ff485160de11c7e1",
                "sample1.chunk4_tama_tails.fa.gz:md5,725faa67458d60450123fd5837083e4e",
                "sample1.chunk5_tama.fa.gz:md5,098f3846cf39d3d7b5b1f2e2a8269778",
                "sample1.chunk5_tama_polya_flnc_report.txt.gz:md5,e1ab002d18f3e66637354e605bf0230d",
                "sample1.chunk5_tama_tails.fa.gz:md5,63aa1ecd22740aa311500f4f537a0082",
                "sample2.chunk1_tama.fa.gz:md5,a5d8c20b1c0d7e2d50eeff2d25cbbd12",
                "sample2.chunk1_tama_polya_flnc_report.txt.gz:md5,7f2c7b74060d9d544c8e265062099036",
                "sample2.chunk1_tama_tails.fa.gz:md5,d06fe53efb64e58ea75b9c5b14a16581",
                "sample3.chunk1_tama.fa.gz:md5,123d1c8aa61372b00708bf187525a7e8",
                "sample3.chunk1_tama_polya_flnc_report.txt.gz:md5,6a47612bcb322b4a5e33f55d52c683f2",
                "sample3.chunk1_tama_tails.fa.gz:md5,b5265bd73fb2e18d3642e271caf81f38",
                "sample1.chunk1.bam:md5,05b876e6a02e419ded3e7d3b7fd2c66a",
                "sample1.chunk1.bam.bai:md5,14d4a578e1e9eb9fbe429ac80e37f634",
                "sample1.chunk2.bam:md5,4dadea0cb46c696574498e1562864745",
                "sample1.chunk2.bam.bai:md5,ee7b9a7509af5b421f5cd93aa9791891",
                "sample1.chunk3.bam:md5,a1b2fe26c6b979cb93f3ac8fa1f41b9b",
                "sample1.chunk3.bam.bai:md5,c5755604d6d4c4ef1d9687981f47b0e6",
                "sample1.chunk4.bam:md5,b5fb0a8cbc99460b8770e758ca33e0f4",
                "sample1.chunk4.bam.bai:md5,f1c47b625ef61da7e11dd92cfc8c7a72",
                "sample1.chunk5.bam:md5,97e0293c396c85780ebae8b12a642056",
                "sample1.chunk5.bam.bai:md5,5ee308d918b29c25501d9cb14ef1b86f",
                "sample2.chunk1.bam:md5,982a9280037e0651fd21ff48fa6b6d3f",
                "sample2.chunk1.bam.bai:md5,dfe5376a1ce56bfa7dcfdce2a4547d6a",
                "sample3.chunk1.bam:md5,e9612264e70844bb989269ca63363278",
                "sample3.chunk1.bam.bai:md5,14d4a578e1e9eb9fbe429ac80e37f634",
                "sample4.chunk.1.bam:md5,ef2ec4b2f2b46e30d32df2a3cdff4731",
                "sample4.chunk.1.bam.bai:md5,03a40658e2075e3da4be1efcaa8b970d",
                "sample4.chunk.2.bam:md5,6a32aa02b6125b3921b09b2c98b7485e",
                "sample4.chunk.2.bam.bai:md5,59e51e570341251f5ec3a2a086d43321",
                "sample4.chunk.3.bam:md5,8d8fabfca994bc97c7880d8602c9c4f1",
                "sample4.chunk.3.bam.bai:md5,5b30d0dfa2c38ae665519a6d21cbe621",
                "sample1.chunk1_collapsed.bed:md5,33f6bd7b72aa2957bbf0ceffc9ff1b32",
                "sample1.chunk1_local_density_error.txt:md5,bde56c7c2c791918943ea8d6c8c2169a",
                "sample1.chunk1_polya.txt:md5,628ea62b918fc4f31e109f724d714a66",
                "sample1.chunk1_read.txt:md5,bd4b21ad8ac7b2bec993b7b72501c2ab",
                "sample1.chunk1_strand_check.txt:md5,42cc52b2660b1e0b84e1c9ab37a965ec",
                "sample1.chunk1_trans_read.bed:md5,19cdf0d7d935665da0f96b936c6affc6",
                "sample1.chunk1_trans_report.txt:md5,35610244e9d495e6f5dee1c6ae0580f8",
                "sample1.chunk1_varcov.txt:md5,7b77861fe5e8e953d6d193ace2467e12",
                "sample1.chunk1_variants.txt:md5,a4c518e1dfb7ff762bd7e5c3d7370986",
                "sample1.chunk2_collapsed.bed:md5,05f7568e3d2f390e44f9f985b27247e2",
                "sample1.chunk2_local_density_error.txt:md5,7247a67bea9392c73ed5c4288bc66672",
                "sample1.chunk2_polya.txt:md5,434e6f3327bbeecd708dc6cc1edaa118",
                "sample1.chunk2_read.txt:md5,4ae8757dedd0f8cfb7c922dd7589a4f2",
                "sample1.chunk2_strand_check.txt:md5,42cc52b2660b1e0b84e1c9ab37a965ec",
                "sample1.chunk2_trans_read.bed:md5,928ee441099b8c0d3c44054524603e94",
                "sample1.chunk2_trans_report.txt:md5,e0ae3f827531d7316f9397b4dbdb0667",
                "sample1.chunk2_varcov.txt:md5,7b77861fe5e8e953d6d193ace2467e12",
                "sample1.chunk2_variants.txt:md5,a4c518e1dfb7ff762bd7e5c3d7370986",
                "sample1.chunk3_collapsed.bed:md5,844806f6d1979d68a3b9096267d7bf07",
                "sample1.chunk3_local_density_error.txt:md5,cda740cdf5b59aed316d23d97cccb9f4",
                "sample1.chunk3_polya.txt:md5,f5872c789c84037abd230f3e3053429e",
                "sample1.chunk3_read.txt:md5,3a2c866905dfcdb140e86340a95d90d2",
                "sample1.chunk3_strand_check.txt:md5,42cc52b2660b1e0b84e1c9ab37a965ec",
                "sample1.chunk3_trans_read.bed:md5,c4e132389c86dc844e76f78c3724ed8d",
                "sample1.chunk3_trans_report.txt:md5,eb6a4b39128ce0c19a96b5df9bb00010",
                "sample1.chunk3_varcov.txt:md5,7b77861fe5e8e953d6d193ace2467e12",
                "sample1.chunk3_variants.txt:md5,a4c518e1dfb7ff762bd7e5c3d7370986",
                "sample1.chunk4_collapsed.bed:md5,1abee63ee6b2ecd8a579fd293e9787bb",
                "sample1.chunk4_local_density_error.txt:md5,d35f24d3f83e2513bfd055cf3e438037",
                "sample1.chunk4_polya.txt:md5,9b1bb126d5f3ba8b1605fadec4f28d15",
                "sample1.chunk4_read.txt:md5,e8eb42852f61205870f89e015a2f987e",
                "sample1.chunk4_strand_check.txt:md5,42cc52b2660b1e0b84e1c9ab37a965ec",
                "sample1.chunk4_trans_read.bed:md5,340aa905ab34937cf34d8434ad00ecc9",
                "sample1.chunk4_trans_report.txt:md5,0c43e570ac23818b1c183d48588deab1",
                "sample1.chunk4_varcov.txt:md5,7b77861fe5e8e953d6d193ace2467e12",
                "sample1.chunk4_variants.txt:md5,a4c518e1dfb7ff762bd7e5c3d7370986",
                "sample1.chunk5_collapsed.bed:md5,1a8baa8613f6bdd0a0fa1ad7c38b7aaa",
                "sample1.chunk5_local_density_error.txt:md5,2a87123d2eb92f00ac730924b19dc2f8",
                "sample1.chunk5_polya.txt:md5,b5e129f170b71a74aae74120730ffdb1",
                "sample1.chunk5_read.txt:md5,6fc5c8520a8bb47cc549376f5e32ce3b",
                "sample1.chunk5_strand_check.txt:md5,42cc52b2660b1e0b84e1c9ab37a965ec",
                "sample1.chunk5_trans_read.bed:md5,6f43624e2fad10e896ecd93011ae92ae",
                "sample1.chunk5_trans_report.txt:md5,5d6c4748d0b86d7b29cdf0d1f3e3cdf5",
                "sample1.chunk5_varcov.txt:md5,7b77861fe5e8e953d6d193ace2467e12",
                "sample1.chunk5_variants.txt:md5,a4c518e1dfb7ff762bd7e5c3d7370986",
                "sample2.chunk1_collapsed.bed:md5,a273f6a6a8fb61e345da4f9f117d52c5",
                "sample2.chunk1_local_density_error.txt:md5,06c949ab664c5417d10d8c8e1257e09f",
                "sample2.chunk1_polya.txt:md5,85d3bd99f0dddc685c69aa5060d414fd",
                "sample2.chunk1_read.txt:md5,980faa4a56ba24d7065def6167e89027",
                "sample2.chunk1_strand_check.txt:md5,42cc52b2660b1e0b84e1c9ab37a965ec",
                "sample2.chunk1_trans_read.bed:md5,5d2c1077b8bc9e05fdd08b33d4991709",
                "sample2.chunk1_trans_report.txt:md5,7d4507a212fff7750cc511729553e37d",
                "sample2.chunk1_varcov.txt:md5,8ac2ec4e3577ddad3a4e19328cd8f4e5",
                "sample2.chunk1_variants.txt:md5,cb729a1eb93fdf3e843b47c7d7a1dc16",
                "sample3.chunk1_collapsed.bed:md5,33f6bd7b72aa2957bbf0ceffc9ff1b32",
                "sample3.chunk1_local_density_error.txt:md5,bde56c7c2c791918943ea8d6c8c2169a",
                "sample3.chunk1_polya.txt:md5,628ea62b918fc4f31e109f724d714a66",
                "sample3.chunk1_read.txt:md5,bd4b21ad8ac7b2bec993b7b72501c2ab",
                "sample3.chunk1_strand_check.txt:md5,42cc52b2660b1e0b84e1c9ab37a965ec",
                "sample3.chunk1_trans_read.bed:md5,19cdf0d7d935665da0f96b936c6affc6",
                "sample3.chunk1_trans_report.txt:md5,35610244e9d495e6f5dee1c6ae0580f8",
                "sample3.chunk1_varcov.txt:md5,7b77861fe5e8e953d6d193ace2467e12",
                "sample3.chunk1_variants.txt:md5,a4c518e1dfb7ff762bd7e5c3d7370986",
                "sample4.chunk.1_collapsed.bed:md5,9541ea967ec71d911e7444677dc44930",
                "sample4.chunk.1_local_density_error.txt:md5,f15f574ab9df35575b56bd0ff3618075",
                "sample4.chunk.1_polya.txt:md5,434e6f3327bbeecd708dc6cc1edaa118",
                "sample4.chunk.1_read.txt:md5,cf3d9c4975bb4c4d6b5d6015c430d53a",
                "sample4.chunk.1_strand_check.txt:md5,42cc52b2660b1e0b84e1c9ab37a965ec",
                "sample4.chunk.1_trans_read.bed:md5,a404a1b40994ff18999f7b485808870f",
                "sample4.chunk.1_trans_report.txt:md5,4dbe12a23ee7d55c65b5f37dc9ff5211",
                "sample4.chunk.1_varcov.txt:md5,7b77861fe5e8e953d6d193ace2467e12",
                "sample4.chunk.1_variants.txt:md5,a4c518e1dfb7ff762bd7e5c3d7370986",
                "sample4.chunk.2_collapsed.bed:md5,5139b8363dc4ee0a1384917ce1b4ec78",
                "sample4.chunk.2_local_density_error.txt:md5,2a14d3eb1f3f175fc4e361455b7a82aa",
                "sample4.chunk.2_polya.txt:md5,33b2e1cf2b1b6a091d0a0f89af469665",
                "sample4.chunk.2_read.txt:md5,d82ae1ed43dc4d7b206c7f350806fa03",
                "sample4.chunk.2_strand_check.txt:md5,42cc52b2660b1e0b84e1c9ab37a965ec",
                "sample4.chunk.2_trans_read.bed:md5,d72ac6666126c6b3724b361e1c76b148",
                "sample4.chunk.2_trans_report.txt:md5,1fa865c42dbc015dd037fad5b6df0c60",
                "sample4.chunk.2_varcov.txt:md5,7b77861fe5e8e953d6d193ace2467e12",
                "sample4.chunk.2_variants.txt:md5,a4c518e1dfb7ff762bd7e5c3d7370986",
                "sample4.chunk.3_collapsed.bed:md5,1d7d7bf56df65db284148d47da42315a",
                "sample4.chunk.3_local_density_error.txt:md5,f4e4049257a3d53212e598bcaebd0324",
                "sample4.chunk.3_polya.txt:md5,a5c286555d4d4468014bbe03dd66e56d",
                "sample4.chunk.3_read.txt:md5,9bf59fe48385c62c438bb6619475235d",
                "sample4.chunk.3_strand_check.txt:md5,42cc52b2660b1e0b84e1c9ab37a965ec",
                "sample4.chunk.3_trans_read.bed:md5,db831dadb812e74bb2b13a74397cde2e",
                "sample4.chunk.3_trans_report.txt:md5,92ac5ceecc9f74cc107f531f594385d8",
                "sample4.chunk.3_varcov.txt:md5,7b77861fe5e8e953d6d193ace2467e12",
                "sample4.chunk.3_variants.txt:md5,a4c518e1dfb7ff762bd7e5c3d7370986",
                "sample1.tsv:md5,6671994e085947a9699dc79167c47f61",
                "sample2.tsv:md5,7091a4937ff2d5d4f66256a5409d48d8",
                "sample3.tsv:md5,c3129061f4c3dcd9c09fc2aa0e5a629f",
                "sample4.tsv:md5,1836bc7cb567fa2f5607aff8a61347d0",
                "sample1.bed:md5,4928c5cc59c23dd25486a22a9a5e9bed",
                "sample1_gene_report.txt:md5,b15e53df097c6d49497eb1868bcc8e1f",
                "sample1_merge.txt:md5,c1b1b3e786c105370fb29a15ea9a4e97",
                "sample1_trans_report.txt:md5,a0163623dfad0d0720c6e85abc97593a",
                "sample2.bed:md5,e1355dd31bdbad86be8ada60fde773cf",
                "sample2_gene_report.txt:md5,b20666e316e0bcb2380b31a0e0d797d2",
                "sample2_merge.txt:md5,073bae802b53d24964cba9a24c01eed4",
                "sample2_trans_report.txt:md5,4f9121172f1a04daa471e5a4636ffb8f",
                "sample3.bed:md5,33f6bd7b72aa2957bbf0ceffc9ff1b32",
                "sample3_gene_report.txt:md5,03860572f1735091e641d0658007bd30",
                "sample3_merge.txt:md5,55b5cb295e1d14edfa7ff1246882dfe9",
                "sample3_trans_report.txt:md5,62bbbb9acb0e06084a08875f5c32b3b0",
                "sample4.bed:md5,523651e9d6fbb5e766ecc88ecfe1ff20",
                "sample4_gene_report.txt:md5,c456c145d164bc3439de986c8c331889",
                "sample4_merge.txt:md5,b157dcec30d1ff5346278f0974dce14b",
                "sample4_trans_report.txt:md5,dcf8f3675ff6c577cd5823864d20dd85",
                "ccs-filter-graph.txt:md5,321bcf26069f3f93b199f25643fa957a",
                "multiqc_citations.txt:md5,4c806e63a283ec1b7e78cdae3a923d4f",
                "multiqc_general_stats.txt:md5,8dddc619d547087b978259234f7899ed",
                "multiqc_lima_counts.txt:md5,d00757e4773f621db4f5459ca7a21088",
                "multiqc_lima_summary.txt:md5,cf3c6d257ce789835f74d8f775ef9bdb"
            ]
        ],
        "meta": {
            "nf-test": "0.9.3",
            "nextflow": "25.10.0"
        },
        "timestamp": "2025-11-01T11:42:46.798209572"
    }
}