{
    "-profile test_inputs_ccs_lima_refine_map_mergeAll": {
        "content": [
            {
                "BAMTOOLS_CONVERT": {
                    "bamtools": "2.5.2"
                },
                "GSTAMA_COLLAPSE": {
                    "gstama": 20211103
                },
                "GSTAMA_MERGE": {
                    "gstama": "0.0.1"
                },
                "GSTAMA_MERGE_ALL": {
                    "gstama": "0.0.1"
                },
                "GSTAMA_POLYACLEANUP": {
                    "gstama": 20211103
                },
                "ISOSEQ_REFINE": {
                    "isoseq": "4.0.0"
                },
                "LIMA": {
                    "lima": "2.12.0"
                },
                "MINIMAP2_ALIGN": {
                    "minimap2": "2.29-r1283",
                    "samtools": 1.21
                },
                "PBCCS": {
                    "pbccs": "6.4.0"
                }
            },
            [
                "01_PBCCS",
                "01_PBCCS/sample1.chunk1.bam",
                "01_PBCCS/sample1.chunk1.bam.pbi",
                "01_PBCCS/sample1.chunk1.metrics.json.gz",
                "01_PBCCS/sample1.chunk1.report.json",
                "01_PBCCS/sample1.chunk1.report.txt",
                "01_PBCCS/sample1.chunk2.bam",
                "01_PBCCS/sample1.chunk2.bam.pbi",
                "01_PBCCS/sample1.chunk2.metrics.json.gz",
                "01_PBCCS/sample1.chunk2.report.json",
                "01_PBCCS/sample1.chunk2.report.txt",
                "01_PBCCS/sample1.chunk3.bam",
                "01_PBCCS/sample1.chunk3.bam.pbi",
                "01_PBCCS/sample1.chunk3.metrics.json.gz",
                "01_PBCCS/sample1.chunk3.report.json",
                "01_PBCCS/sample1.chunk3.report.txt",
                "01_PBCCS/sample1.chunk4.bam",
                "01_PBCCS/sample1.chunk4.bam.pbi",
                "01_PBCCS/sample1.chunk4.metrics.json.gz",
                "01_PBCCS/sample1.chunk4.report.json",
                "01_PBCCS/sample1.chunk4.report.txt",
                "01_PBCCS/sample1.chunk5.bam",
                "01_PBCCS/sample1.chunk5.bam.pbi",
                "01_PBCCS/sample1.chunk5.metrics.json.gz",
                "01_PBCCS/sample1.chunk5.report.json",
                "01_PBCCS/sample1.chunk5.report.txt",
                "02_LIMA",
                "02_LIMA/sample1.chunk1_flnc.NEB_5p--NEB_Clontech_3p.bam",
                "02_LIMA/sample1.chunk1_flnc.NEB_5p--NEB_Clontech_3p.bam.pbi",
                "02_LIMA/sample1.chunk1_flnc.NEB_5p--NEB_Clontech_3p.consensusreadset.xml",
                "02_LIMA/sample1.chunk1_flnc.consensusreadset.xml",
                "02_LIMA/sample1.chunk1_flnc.json",
                "02_LIMA/sample1.chunk1_flnc.lima.clips",
                "02_LIMA/sample1.chunk1_flnc.lima.counts",
                "02_LIMA/sample1.chunk1_flnc.lima.guess",
                "02_LIMA/sample1.chunk1_flnc.lima.report",
                "02_LIMA/sample1.chunk1_flnc.lima.summary",
                "02_LIMA/sample1.chunk2_flnc.NEB_5p--NEB_Clontech_3p.bam",
                "02_LIMA/sample1.chunk2_flnc.NEB_5p--NEB_Clontech_3p.bam.pbi",
                "02_LIMA/sample1.chunk2_flnc.NEB_5p--NEB_Clontech_3p.consensusreadset.xml",
                "02_LIMA/sample1.chunk2_flnc.consensusreadset.xml",
                "02_LIMA/sample1.chunk2_flnc.json",
                "02_LIMA/sample1.chunk2_flnc.lima.clips",
                "02_LIMA/sample1.chunk2_flnc.lima.counts",
                "02_LIMA/sample1.chunk2_flnc.lima.guess",
                "02_LIMA/sample1.chunk2_flnc.lima.report",
                "02_LIMA/sample1.chunk2_flnc.lima.summary",
                "02_LIMA/sample1.chunk3_flnc.NEB_5p--NEB_Clontech_3p.bam",
                "02_LIMA/sample1.chunk3_flnc.NEB_5p--NEB_Clontech_3p.bam.pbi",
                "02_LIMA/sample1.chunk3_flnc.NEB_5p--NEB_Clontech_3p.consensusreadset.xml",
                "02_LIMA/sample1.chunk3_flnc.consensusreadset.xml",
                "02_LIMA/sample1.chunk3_flnc.json",
                "02_LIMA/sample1.chunk3_flnc.lima.clips",
                "02_LIMA/sample1.chunk3_flnc.lima.counts",
                "02_LIMA/sample1.chunk3_flnc.lima.guess",
                "02_LIMA/sample1.chunk3_flnc.lima.report",
                "02_LIMA/sample1.chunk3_flnc.lima.summary",
                "02_LIMA/sample1.chunk4_flnc.NEB_5p--NEB_Clontech_3p.bam",
                "02_LIMA/sample1.chunk4_flnc.NEB_5p--NEB_Clontech_3p.bam.pbi",
                "02_LIMA/sample1.chunk4_flnc.NEB_5p--NEB_Clontech_3p.consensusreadset.xml",
                "02_LIMA/sample1.chunk4_flnc.consensusreadset.xml",
                "02_LIMA/sample1.chunk4_flnc.json",
                "02_LIMA/sample1.chunk4_flnc.lima.clips",
                "02_LIMA/sample1.chunk4_flnc.lima.counts",
                "02_LIMA/sample1.chunk4_flnc.lima.guess",
                "02_LIMA/sample1.chunk4_flnc.lima.report",
                "02_LIMA/sample1.chunk4_flnc.lima.summary",
                "02_LIMA/sample1.chunk5_flnc.NEB_5p--NEB_Clontech_3p.bam",
                "02_LIMA/sample1.chunk5_flnc.NEB_5p--NEB_Clontech_3p.bam.pbi",
                "02_LIMA/sample1.chunk5_flnc.NEB_5p--NEB_Clontech_3p.consensusreadset.xml",
                "02_LIMA/sample1.chunk5_flnc.consensusreadset.xml",
                "02_LIMA/sample1.chunk5_flnc.json",
                "02_LIMA/sample1.chunk5_flnc.lima.clips",
                "02_LIMA/sample1.chunk5_flnc.lima.counts",
                "02_LIMA/sample1.chunk5_flnc.lima.guess",
                "02_LIMA/sample1.chunk5_flnc.lima.report",
                "02_LIMA/sample1.chunk5_flnc.lima.summary",
                "02_LIMA/sample2_flnc.NEB_5p--NEB_Clontech_3p.bam",
                "02_LIMA/sample2_flnc.NEB_5p--NEB_Clontech_3p.bam.pbi",
                "02_LIMA/sample2_flnc.NEB_5p--NEB_Clontech_3p.consensusreadset.xml",
                "02_LIMA/sample2_flnc.consensusreadset.xml",
                "02_LIMA/sample2_flnc.json",
                "02_LIMA/sample2_flnc.lima.clips",
                "02_LIMA/sample2_flnc.lima.counts",
                "02_LIMA/sample2_flnc.lima.guess",
                "02_LIMA/sample2_flnc.lima.report",
                "02_LIMA/sample2_flnc.lima.summary",
                "03_ISOSEQ_REFINE",
                "03_ISOSEQ_REFINE/sample1.chunk1.bam",
                "03_ISOSEQ_REFINE/sample1.chunk1.bam.pbi",
                "03_ISOSEQ_REFINE/sample1.chunk1.consensusreadset.xml",
                "03_ISOSEQ_REFINE/sample1.chunk1.filter_summary.report.json",
                "03_ISOSEQ_REFINE/sample1.chunk1.report.csv",
                "03_ISOSEQ_REFINE/sample1.chunk2.bam",
                "03_ISOSEQ_REFINE/sample1.chunk2.bam.pbi",
                "03_ISOSEQ_REFINE/sample1.chunk2.consensusreadset.xml",
                "03_ISOSEQ_REFINE/sample1.chunk2.filter_summary.report.json",
                "03_ISOSEQ_REFINE/sample1.chunk2.report.csv",
                "03_ISOSEQ_REFINE/sample1.chunk3.bam",
                "03_ISOSEQ_REFINE/sample1.chunk3.bam.pbi",
                "03_ISOSEQ_REFINE/sample1.chunk3.consensusreadset.xml",
                "03_ISOSEQ_REFINE/sample1.chunk3.filter_summary.report.json",
                "03_ISOSEQ_REFINE/sample1.chunk3.report.csv",
                "03_ISOSEQ_REFINE/sample1.chunk4.bam",
                "03_ISOSEQ_REFINE/sample1.chunk4.bam.pbi",
                "03_ISOSEQ_REFINE/sample1.chunk4.consensusreadset.xml",
                "03_ISOSEQ_REFINE/sample1.chunk4.filter_summary.report.json",
                "03_ISOSEQ_REFINE/sample1.chunk4.report.csv",
                "03_ISOSEQ_REFINE/sample1.chunk5.bam",
                "03_ISOSEQ_REFINE/sample1.chunk5.bam.pbi",
                "03_ISOSEQ_REFINE/sample1.chunk5.consensusreadset.xml",
                "03_ISOSEQ_REFINE/sample1.chunk5.filter_summary.report.json",
                "03_ISOSEQ_REFINE/sample1.chunk5.report.csv",
                "03_ISOSEQ_REFINE/sample2.bam",
                "03_ISOSEQ_REFINE/sample2.bam.pbi",
                "03_ISOSEQ_REFINE/sample2.consensusreadset.xml",
                "03_ISOSEQ_REFINE/sample2.filter_summary.report.json",
                "03_ISOSEQ_REFINE/sample2.report.csv",
                "03_ISOSEQ_REFINE/sample3.bam",
                "03_ISOSEQ_REFINE/sample3.bam.pbi",
                "03_ISOSEQ_REFINE/sample3.consensusreadset.xml",
                "03_ISOSEQ_REFINE/sample3.filter_summary.report.json",
                "03_ISOSEQ_REFINE/sample3.report.csv",
                "04_BAMTOOLS_CONVERT",
                "04_BAMTOOLS_CONVERT/sample1.chunk1.fasta",
                "04_BAMTOOLS_CONVERT/sample1.chunk2.fasta",
                "04_BAMTOOLS_CONVERT/sample1.chunk3.fasta",
                "04_BAMTOOLS_CONVERT/sample1.chunk4.fasta",
                "04_BAMTOOLS_CONVERT/sample1.chunk5.fasta",
                "04_BAMTOOLS_CONVERT/sample2.fasta",
                "04_BAMTOOLS_CONVERT/sample3.fasta",
                "05_GSTAMA_POLYACLEANUP",
                "05_GSTAMA_POLYACLEANUP/sample1.chunk1_tama.fa.gz",
                "05_GSTAMA_POLYACLEANUP/sample1.chunk1_tama_polya_flnc_report.txt.gz",
                "05_GSTAMA_POLYACLEANUP/sample1.chunk1_tama_tails.fa.gz",
                "05_GSTAMA_POLYACLEANUP/sample1.chunk2_tama.fa.gz",
                "05_GSTAMA_POLYACLEANUP/sample1.chunk2_tama_polya_flnc_report.txt.gz",
                "05_GSTAMA_POLYACLEANUP/sample1.chunk2_tama_tails.fa.gz",
                "05_GSTAMA_POLYACLEANUP/sample1.chunk3_tama.fa.gz",
                "05_GSTAMA_POLYACLEANUP/sample1.chunk3_tama_polya_flnc_report.txt.gz",
                "05_GSTAMA_POLYACLEANUP/sample1.chunk3_tama_tails.fa.gz",
                "05_GSTAMA_POLYACLEANUP/sample1.chunk4_tama.fa.gz",
                "05_GSTAMA_POLYACLEANUP/sample1.chunk4_tama_polya_flnc_report.txt.gz",
                "05_GSTAMA_POLYACLEANUP/sample1.chunk4_tama_tails.fa.gz",
                "05_GSTAMA_POLYACLEANUP/sample1.chunk5_tama.fa.gz",
                "05_GSTAMA_POLYACLEANUP/sample1.chunk5_tama_polya_flnc_report.txt.gz",
                "05_GSTAMA_POLYACLEANUP/sample1.chunk5_tama_tails.fa.gz",
                "05_GSTAMA_POLYACLEANUP/sample2.chunk.1_tama.fa.gz",
                "05_GSTAMA_POLYACLEANUP/sample2.chunk.1_tama_polya_flnc_report.txt.gz",
                "05_GSTAMA_POLYACLEANUP/sample2.chunk.1_tama_tails.fa.gz",
                "05_GSTAMA_POLYACLEANUP/sample2.chunk.2_tama.fa.gz",
                "05_GSTAMA_POLYACLEANUP/sample2.chunk.2_tama_polya_flnc_report.txt.gz",
                "05_GSTAMA_POLYACLEANUP/sample2.chunk.2_tama_tails.fa.gz",
                "05_GSTAMA_POLYACLEANUP/sample2.chunk.3_tama.fa.gz",
                "05_GSTAMA_POLYACLEANUP/sample2.chunk.3_tama_polya_flnc_report.txt.gz",
                "05_GSTAMA_POLYACLEANUP/sample2.chunk.3_tama_tails.fa.gz",
                "05_GSTAMA_POLYACLEANUP/sample2.chunk.4_tama.fa.gz",
                "05_GSTAMA_POLYACLEANUP/sample2.chunk.4_tama_polya_flnc_report.txt.gz",
                "05_GSTAMA_POLYACLEANUP/sample2.chunk.4_tama_tails.fa.gz",
                "05_GSTAMA_POLYACLEANUP/sample2.chunk.5_tama.fa.gz",
                "05_GSTAMA_POLYACLEANUP/sample2.chunk.5_tama_polya_flnc_report.txt.gz",
                "05_GSTAMA_POLYACLEANUP/sample2.chunk.5_tama_tails.fa.gz",
                "05_GSTAMA_POLYACLEANUP/sample2.chunk.6_tama.fa.gz",
                "05_GSTAMA_POLYACLEANUP/sample2.chunk.6_tama_polya_flnc_report.txt.gz",
                "05_GSTAMA_POLYACLEANUP/sample2.chunk.6_tama_tails.fa.gz",
                "05_GSTAMA_POLYACLEANUP/sample3.chunk.1_tama.fa.gz",
                "05_GSTAMA_POLYACLEANUP/sample3.chunk.1_tama_polya_flnc_report.txt.gz",
                "05_GSTAMA_POLYACLEANUP/sample3.chunk.1_tama_tails.fa.gz",
                "06_MINIMAP2",
                "06_MINIMAP2/sample1.chunk1.bam",
                "06_MINIMAP2/sample1.chunk1.bam.bai",
                "06_MINIMAP2/sample1.chunk2.bam",
                "06_MINIMAP2/sample1.chunk2.bam.bai",
                "06_MINIMAP2/sample1.chunk3.bam",
                "06_MINIMAP2/sample1.chunk3.bam.bai",
                "06_MINIMAP2/sample1.chunk4.bam",
                "06_MINIMAP2/sample1.chunk4.bam.bai",
                "06_MINIMAP2/sample1.chunk5.bam",
                "06_MINIMAP2/sample1.chunk5.bam.bai",
                "06_MINIMAP2/sample2.chunk.1.bam",
                "06_MINIMAP2/sample2.chunk.1.bam.bai",
                "06_MINIMAP2/sample2.chunk.2.bam",
                "06_MINIMAP2/sample2.chunk.2.bam.bai",
                "06_MINIMAP2/sample2.chunk.3.bam",
                "06_MINIMAP2/sample2.chunk.3.bam.bai",
                "06_MINIMAP2/sample2.chunk.4.bam",
                "06_MINIMAP2/sample2.chunk.4.bam.bai",
                "06_MINIMAP2/sample2.chunk.5.bam",
                "06_MINIMAP2/sample2.chunk.5.bam.bai",
                "06_MINIMAP2/sample2.chunk.6.bam",
                "06_MINIMAP2/sample2.chunk.6.bam.bai",
                "06_MINIMAP2/sample3.chunk.1.bam",
                "06_MINIMAP2/sample3.chunk.1.bam.bai",
                "06_MINIMAP2/sample4.chunk.1.bam",
                "06_MINIMAP2/sample4.chunk.1.bam.bai",
                "07_GSTAMA_COLLAPSE",
                "07_GSTAMA_COLLAPSE/sample1.chunk1_collapsed.bed",
                "07_GSTAMA_COLLAPSE/sample1.chunk1_local_density_error.txt",
                "07_GSTAMA_COLLAPSE/sample1.chunk1_polya.txt",
                "07_GSTAMA_COLLAPSE/sample1.chunk1_read.txt",
                "07_GSTAMA_COLLAPSE/sample1.chunk1_strand_check.txt",
                "07_GSTAMA_COLLAPSE/sample1.chunk1_trans_read.bed",
                "07_GSTAMA_COLLAPSE/sample1.chunk1_trans_report.txt",
                "07_GSTAMA_COLLAPSE/sample1.chunk1_varcov.txt",
                "07_GSTAMA_COLLAPSE/sample1.chunk1_variants.txt",
                "07_GSTAMA_COLLAPSE/sample1.chunk2_collapsed.bed",
                "07_GSTAMA_COLLAPSE/sample1.chunk2_local_density_error.txt",
                "07_GSTAMA_COLLAPSE/sample1.chunk2_polya.txt",
                "07_GSTAMA_COLLAPSE/sample1.chunk2_read.txt",
                "07_GSTAMA_COLLAPSE/sample1.chunk2_strand_check.txt",
                "07_GSTAMA_COLLAPSE/sample1.chunk2_trans_read.bed",
                "07_GSTAMA_COLLAPSE/sample1.chunk2_trans_report.txt",
                "07_GSTAMA_COLLAPSE/sample1.chunk2_varcov.txt",
                "07_GSTAMA_COLLAPSE/sample1.chunk2_variants.txt",
                "07_GSTAMA_COLLAPSE/sample1.chunk3_collapsed.bed",
                "07_GSTAMA_COLLAPSE/sample1.chunk3_local_density_error.txt",
                "07_GSTAMA_COLLAPSE/sample1.chunk3_polya.txt",
                "07_GSTAMA_COLLAPSE/sample1.chunk3_read.txt",
                "07_GSTAMA_COLLAPSE/sample1.chunk3_strand_check.txt",
                "07_GSTAMA_COLLAPSE/sample1.chunk3_trans_read.bed",
                "07_GSTAMA_COLLAPSE/sample1.chunk3_trans_report.txt",
                "07_GSTAMA_COLLAPSE/sample1.chunk3_varcov.txt",
                "07_GSTAMA_COLLAPSE/sample1.chunk3_variants.txt",
                "07_GSTAMA_COLLAPSE/sample1.chunk4_collapsed.bed",
                "07_GSTAMA_COLLAPSE/sample1.chunk4_local_density_error.txt",
                "07_GSTAMA_COLLAPSE/sample1.chunk4_polya.txt",
                "07_GSTAMA_COLLAPSE/sample1.chunk4_read.txt",
                "07_GSTAMA_COLLAPSE/sample1.chunk4_strand_check.txt",
                "07_GSTAMA_COLLAPSE/sample1.chunk4_trans_read.bed",
                "07_GSTAMA_COLLAPSE/sample1.chunk4_trans_report.txt",
                "07_GSTAMA_COLLAPSE/sample1.chunk4_varcov.txt",
                "07_GSTAMA_COLLAPSE/sample1.chunk4_variants.txt",
                "07_GSTAMA_COLLAPSE/sample1.chunk5_collapsed.bed",
                "07_GSTAMA_COLLAPSE/sample1.chunk5_local_density_error.txt",
                "07_GSTAMA_COLLAPSE/sample1.chunk5_polya.txt",
                "07_GSTAMA_COLLAPSE/sample1.chunk5_read.txt",
                "07_GSTAMA_COLLAPSE/sample1.chunk5_strand_check.txt",
                "07_GSTAMA_COLLAPSE/sample1.chunk5_trans_read.bed",
                "07_GSTAMA_COLLAPSE/sample1.chunk5_trans_report.txt",
                "07_GSTAMA_COLLAPSE/sample1.chunk5_varcov.txt",
                "07_GSTAMA_COLLAPSE/sample1.chunk5_variants.txt",
                "07_GSTAMA_COLLAPSE/sample2.chunk.1_collapsed.bed",
                "07_GSTAMA_COLLAPSE/sample2.chunk.1_local_density_error.txt",
                "07_GSTAMA_COLLAPSE/sample2.chunk.1_polya.txt",
                "07_GSTAMA_COLLAPSE/sample2.chunk.1_read.txt",
                "07_GSTAMA_COLLAPSE/sample2.chunk.1_strand_check.txt",
                "07_GSTAMA_COLLAPSE/sample2.chunk.1_trans_read.bed",
                "07_GSTAMA_COLLAPSE/sample2.chunk.1_trans_report.txt",
                "07_GSTAMA_COLLAPSE/sample2.chunk.1_varcov.txt",
                "07_GSTAMA_COLLAPSE/sample2.chunk.1_variants.txt",
                "07_GSTAMA_COLLAPSE/sample2.chunk.2_collapsed.bed",
                "07_GSTAMA_COLLAPSE/sample2.chunk.2_local_density_error.txt",
                "07_GSTAMA_COLLAPSE/sample2.chunk.2_polya.txt",
                "07_GSTAMA_COLLAPSE/sample2.chunk.2_read.txt",
                "07_GSTAMA_COLLAPSE/sample2.chunk.2_strand_check.txt",
                "07_GSTAMA_COLLAPSE/sample2.chunk.2_trans_read.bed",
                "07_GSTAMA_COLLAPSE/sample2.chunk.2_trans_report.txt",
                "07_GSTAMA_COLLAPSE/sample2.chunk.2_varcov.txt",
                "07_GSTAMA_COLLAPSE/sample2.chunk.2_variants.txt",
                "07_GSTAMA_COLLAPSE/sample2.chunk.3_collapsed.bed",
                "07_GSTAMA_COLLAPSE/sample2.chunk.3_local_density_error.txt",
                "07_GSTAMA_COLLAPSE/sample2.chunk.3_polya.txt",
                "07_GSTAMA_COLLAPSE/sample2.chunk.3_read.txt",
                "07_GSTAMA_COLLAPSE/sample2.chunk.3_strand_check.txt",
                "07_GSTAMA_COLLAPSE/sample2.chunk.3_trans_read.bed",
                "07_GSTAMA_COLLAPSE/sample2.chunk.3_trans_report.txt",
                "07_GSTAMA_COLLAPSE/sample2.chunk.3_varcov.txt",
                "07_GSTAMA_COLLAPSE/sample2.chunk.3_variants.txt",
                "07_GSTAMA_COLLAPSE/sample2.chunk.4_collapsed.bed",
                "07_GSTAMA_COLLAPSE/sample2.chunk.4_local_density_error.txt",
                "07_GSTAMA_COLLAPSE/sample2.chunk.4_polya.txt",
                "07_GSTAMA_COLLAPSE/sample2.chunk.4_read.txt",
                "07_GSTAMA_COLLAPSE/sample2.chunk.4_strand_check.txt",
                "07_GSTAMA_COLLAPSE/sample2.chunk.4_trans_read.bed",
                "07_GSTAMA_COLLAPSE/sample2.chunk.4_trans_report.txt",
                "07_GSTAMA_COLLAPSE/sample2.chunk.4_varcov.txt",
                "07_GSTAMA_COLLAPSE/sample2.chunk.4_variants.txt",
                "07_GSTAMA_COLLAPSE/sample2.chunk.5_collapsed.bed",
                "07_GSTAMA_COLLAPSE/sample2.chunk.5_local_density_error.txt",
                "07_GSTAMA_COLLAPSE/sample2.chunk.5_polya.txt",
                "07_GSTAMA_COLLAPSE/sample2.chunk.5_read.txt",
                "07_GSTAMA_COLLAPSE/sample2.chunk.5_strand_check.txt",
                "07_GSTAMA_COLLAPSE/sample2.chunk.5_trans_read.bed",
                "07_GSTAMA_COLLAPSE/sample2.chunk.5_trans_report.txt",
                "07_GSTAMA_COLLAPSE/sample2.chunk.5_varcov.txt",
                "07_GSTAMA_COLLAPSE/sample2.chunk.5_variants.txt",
                "07_GSTAMA_COLLAPSE/sample2.chunk.6_collapsed.bed",
                "07_GSTAMA_COLLAPSE/sample2.chunk.6_local_density_error.txt",
                "07_GSTAMA_COLLAPSE/sample2.chunk.6_polya.txt",
                "07_GSTAMA_COLLAPSE/sample2.chunk.6_read.txt",
                "07_GSTAMA_COLLAPSE/sample2.chunk.6_strand_check.txt",
                "07_GSTAMA_COLLAPSE/sample2.chunk.6_trans_read.bed",
                "07_GSTAMA_COLLAPSE/sample2.chunk.6_trans_report.txt",
                "07_GSTAMA_COLLAPSE/sample2.chunk.6_varcov.txt",
                "07_GSTAMA_COLLAPSE/sample2.chunk.6_variants.txt",
                "07_GSTAMA_COLLAPSE/sample3.chunk.1_collapsed.bed",
                "07_GSTAMA_COLLAPSE/sample3.chunk.1_local_density_error.txt",
                "07_GSTAMA_COLLAPSE/sample3.chunk.1_polya.txt",
                "07_GSTAMA_COLLAPSE/sample3.chunk.1_read.txt",
                "07_GSTAMA_COLLAPSE/sample3.chunk.1_strand_check.txt",
                "07_GSTAMA_COLLAPSE/sample3.chunk.1_trans_read.bed",
                "07_GSTAMA_COLLAPSE/sample3.chunk.1_trans_report.txt",
                "07_GSTAMA_COLLAPSE/sample3.chunk.1_varcov.txt",
                "07_GSTAMA_COLLAPSE/sample3.chunk.1_variants.txt",
                "07_GSTAMA_COLLAPSE/sample4.chunk.1_collapsed.bed",
                "07_GSTAMA_COLLAPSE/sample4.chunk.1_local_density_error.txt",
                "07_GSTAMA_COLLAPSE/sample4.chunk.1_polya.txt",
                "07_GSTAMA_COLLAPSE/sample4.chunk.1_read.txt",
                "07_GSTAMA_COLLAPSE/sample4.chunk.1_strand_check.txt",
                "07_GSTAMA_COLLAPSE/sample4.chunk.1_trans_read.bed",
                "07_GSTAMA_COLLAPSE/sample4.chunk.1_trans_report.txt",
                "07_GSTAMA_COLLAPSE/sample4.chunk.1_varcov.txt",
                "07_GSTAMA_COLLAPSE/sample4.chunk.1_variants.txt",
                "08_GSTAMA_FILELIST",
                "08_GSTAMA_FILELIST/all_samples.tsv",
                "08_GSTAMA_FILELIST/sample1.tsv",
                "08_GSTAMA_FILELIST/sample2.tsv",
                "08_GSTAMA_FILELIST/sample3.tsv",
                "08_GSTAMA_FILELIST/sample4.tsv",
                "09_GSTAMA_MERGE",
                "09_GSTAMA_MERGE/all_samples.bed",
                "09_GSTAMA_MERGE/all_samples_gene_report.txt",
                "09_GSTAMA_MERGE/all_samples_merge.txt",
                "09_GSTAMA_MERGE/all_samples_trans_report.txt",
                "09_GSTAMA_MERGE/sample1.bed",
                "09_GSTAMA_MERGE/sample1_gene_report.txt",
                "09_GSTAMA_MERGE/sample1_merge.txt",
                "09_GSTAMA_MERGE/sample1_trans_report.txt",
                "09_GSTAMA_MERGE/sample2.bed",
                "09_GSTAMA_MERGE/sample2_gene_report.txt",
                "09_GSTAMA_MERGE/sample2_merge.txt",
                "09_GSTAMA_MERGE/sample2_trans_report.txt",
                "09_GSTAMA_MERGE/sample3.bed",
                "09_GSTAMA_MERGE/sample3_gene_report.txt",
                "09_GSTAMA_MERGE/sample3_merge.txt",
                "09_GSTAMA_MERGE/sample3_trans_report.txt",
                "09_GSTAMA_MERGE/sample4.bed",
                "09_GSTAMA_MERGE/sample4_gene_report.txt",
                "09_GSTAMA_MERGE/sample4_merge.txt",
                "09_GSTAMA_MERGE/sample4_trans_report.txt",
                "multiqc",
                "multiqc/multiqc_data",
                "multiqc/multiqc_data/ccs-filter-graph.txt",
                "multiqc/multiqc_data/lima-filter-graph.txt",
                "multiqc/multiqc_data/llms-full.txt",
                "multiqc/multiqc_data/multiqc.log",
                "multiqc/multiqc_data/multiqc.parquet",
                "multiqc/multiqc_data/multiqc_ccs_report.txt",
                "multiqc/multiqc_data/multiqc_citations.txt",
                "multiqc/multiqc_data/multiqc_data.json",
                "multiqc/multiqc_data/multiqc_general_stats.txt",
                "multiqc/multiqc_data/multiqc_lima_counts.txt",
                "multiqc/multiqc_data/multiqc_lima_summary.txt",
                "multiqc/multiqc_data/multiqc_software_versions.txt",
                "multiqc/multiqc_data/multiqc_sources.txt",
                "multiqc/multiqc_plots",
                "multiqc/multiqc_plots/pdf",
                "multiqc/multiqc_plots/pdf/ccs-filter-graph-cnt.pdf",
                "multiqc/multiqc_plots/pdf/ccs-filter-graph-log.pdf",
                "multiqc/multiqc_plots/pdf/ccs-filter-graph-pct-log.pdf",
                "multiqc/multiqc_plots/pdf/ccs-filter-graph-pct.pdf",
                "multiqc/multiqc_plots/pdf/lima-filter-graph-cnt.pdf",
                "multiqc/multiqc_plots/pdf/lima-filter-graph-pct.pdf",
                "multiqc/multiqc_plots/pdf/multiqc_lima_counts.pdf",
                "multiqc/multiqc_plots/png",
                "multiqc/multiqc_plots/png/ccs-filter-graph-cnt.png",
                "multiqc/multiqc_plots/png/ccs-filter-graph-log.png",
                "multiqc/multiqc_plots/png/ccs-filter-graph-pct-log.png",
                "multiqc/multiqc_plots/png/ccs-filter-graph-pct.png",
                "multiqc/multiqc_plots/png/lima-filter-graph-cnt.png",
                "multiqc/multiqc_plots/png/lima-filter-graph-pct.png",
                "multiqc/multiqc_plots/png/multiqc_lima_counts.png",
                "multiqc/multiqc_plots/svg",
                "multiqc/multiqc_plots/svg/ccs-filter-graph-cnt.svg",
                "multiqc/multiqc_plots/svg/ccs-filter-graph-log.svg",
                "multiqc/multiqc_plots/svg/ccs-filter-graph-pct-log.svg",
                "multiqc/multiqc_plots/svg/ccs-filter-graph-pct.svg",
                "multiqc/multiqc_plots/svg/lima-filter-graph-cnt.svg",
                "multiqc/multiqc_plots/svg/lima-filter-graph-pct.svg",
                "multiqc/multiqc_plots/svg/multiqc_lima_counts.svg",
                "multiqc/multiqc_report.html",
                "pipeline_info",
                "pipeline_info/nf_core_isoseq_software_mqc_versions.yml"
            ],
            [
                "sample1.chunk1.bam:md5,9481bf0c3c6ca1fee7b5b38b8fbdebfb",
                "sample1.chunk1.bam.pbi:md5,d0ceccf8a45537c7c10b0c7f51dc7a13",
                "sample1.chunk1.report.txt:md5,5e2f87fae296a25c6135ca66fe34b371",
                "sample1.chunk2.bam:md5,18e94ae860bc94a2936584a210c0a93b",
                "sample1.chunk2.bam.pbi:md5,65af6241c304e3d8766888f8c18a8538",
                "sample1.chunk2.report.txt:md5,4160e01a1516a67d6b023216c4aa3e78",
                "sample1.chunk3.bam:md5,d72e4c28bde3b13d0ca33695282ddebb",
                "sample1.chunk3.bam.pbi:md5,0b831f8cff3c80a013446d2b5d915819",
                "sample1.chunk3.report.txt:md5,48fdb9fdc1a8605094174fd255d55319",
                "sample1.chunk4.bam:md5,6a89125ee84947048aa6f9b37d701a34",
                "sample1.chunk4.bam.pbi:md5,df1cd1ca7b3af92f540400fb8cd023e0",
                "sample1.chunk4.report.txt:md5,4f586f8642858074e802d9b19c5b9872",
                "sample1.chunk5.bam:md5,6ba56bc6fbb9ebb972fccc44e1c459e0",
                "sample1.chunk5.bam.pbi:md5,a9af4726d03150e93fff4ce0a6fe454e",
                "sample1.chunk5.report.txt:md5,a8dddb323068b43935cb7ccae165c373",
                "sample1.chunk1_flnc.NEB_5p--NEB_Clontech_3p.bam:md5,d7058d29cf28c4d5503ea270701761a2",
                "sample1.chunk1_flnc.NEB_5p--NEB_Clontech_3p.bam.pbi:md5,4d7e99787b4270f60bff4b0f95391c09",
                "sample1.chunk1_flnc.lima.clips:md5,454496196732c3f4880d7f8996b52892",
                "sample1.chunk1_flnc.lima.counts:md5,01bd4f886883d97a723ac130516126ef",
                "sample1.chunk1_flnc.lima.guess:md5,5a2ed97558c76fbfc42f6132512dac96",
                "sample1.chunk1_flnc.lima.report:md5,6238b8b855d29d8bdf3be414f50ef5e1",
                "sample1.chunk1_flnc.lima.summary:md5,574763ef859d52867dc7c6335e7d723a",
                "sample1.chunk2_flnc.NEB_5p--NEB_Clontech_3p.bam:md5,a53b3a82b260f15cb35057dee5a2595d",
                "sample1.chunk2_flnc.NEB_5p--NEB_Clontech_3p.bam.pbi:md5,75ca114855d8ba6eecab8e7512bb2224",
                "sample1.chunk2_flnc.lima.clips:md5,d6df63c3e3234ae443bc8713092ffb98",
                "sample1.chunk2_flnc.lima.counts:md5,8e9699fa9f37c7c3c57c1eb92ea687b3",
                "sample1.chunk2_flnc.lima.guess:md5,e6a608f7ad88a5977f37f378a7a1affb",
                "sample1.chunk2_flnc.lima.report:md5,548df65673730979dd840eaa1a3f07ea",
                "sample1.chunk2_flnc.lima.summary:md5,c258654f45e0be1aa1bc8f42c7fb2a4d",
                "sample1.chunk3_flnc.NEB_5p--NEB_Clontech_3p.bam:md5,5170fb65c8b010b691cc9b87ac88a29a",
                "sample1.chunk3_flnc.NEB_5p--NEB_Clontech_3p.bam.pbi:md5,ee14ef45cbbb26bc13998ced934bd22b",
                "sample1.chunk3_flnc.lima.clips:md5,d1fde602e417a5e3736e2cc99483fe12",
                "sample1.chunk3_flnc.lima.counts:md5,d1991b775c90482e41f2706c20277c8f",
                "sample1.chunk3_flnc.lima.guess:md5,8c88e61dbe378bb2e970e1c29cd3c4c1",
                "sample1.chunk3_flnc.lima.report:md5,48ef78d4b532addb48e4903924df5447",
                "sample1.chunk3_flnc.lima.summary:md5,365c6ebbeecec1ad1309ded9cf480272",
                "sample1.chunk4_flnc.NEB_5p--NEB_Clontech_3p.bam:md5,e9cd8590b88bbd9dc96464316fadb51e",
                "sample1.chunk4_flnc.NEB_5p--NEB_Clontech_3p.bam.pbi:md5,110cbdfebbf2c232408096b4a2dbcd1b",
                "sample1.chunk4_flnc.lima.clips:md5,633d02e7df637ddef9d5769ee7523639",
                "sample1.chunk4_flnc.lima.counts:md5,96aebefa4474767d7031e39d95a4d1c0",
                "sample1.chunk4_flnc.lima.guess:md5,374642ac513d7216f80c1d5a03b4c7b7",
                "sample1.chunk4_flnc.lima.report:md5,1643f293c8d4f547e3182b2428d92ccb",
                "sample1.chunk4_flnc.lima.summary:md5,fd432c63d1d5806d77c5092e366260ca",
                "sample1.chunk5_flnc.NEB_5p--NEB_Clontech_3p.bam:md5,3548c4568bffaf995af5fcb249d248d5",
                "sample1.chunk5_flnc.NEB_5p--NEB_Clontech_3p.bam.pbi:md5,7220b4fff714a27170d048145b1d641d",
                "sample1.chunk5_flnc.lima.clips:md5,ab0d851c6bae9ba9cf84a27d50fbba20",
                "sample1.chunk5_flnc.lima.counts:md5,2cd73105100cc69258a7431a5f5658a4",
                "sample1.chunk5_flnc.lima.guess:md5,08fdcaf443f65132f8ae831309dc713b",
                "sample1.chunk5_flnc.lima.report:md5,b98c98088e3e59765ad93aabe304e62d",
                "sample1.chunk5_flnc.lima.summary:md5,77bdbf2e0bce1597c974746aa1222df5",
                "sample2_flnc.NEB_5p--NEB_Clontech_3p.bam:md5,588ac243114fa4ad78fa93b1b60326c0",
                "sample2_flnc.NEB_5p--NEB_Clontech_3p.bam.pbi:md5,e8bcae3156d85b0d8896f70efd8f79d3",
                "sample2_flnc.lima.clips:md5,fa03bc75bd78b2648a139fd67c69208f",
                "sample2_flnc.lima.counts:md5,842c6a23ca2de504ced4538ad5111da1",
                "sample2_flnc.lima.guess:md5,d3675af3ca8a908ee9e3c231668392d3",
                "sample2_flnc.lima.report:md5,dc073985322ae0a003ccc7e0fa4db5e6",
                "sample2_flnc.lima.summary:md5,bcbcaaaca418bdeb91141c81715ca420",
                "sample1.chunk1.bam:md5,954233108bfd310207b728717112eb5d",
                "sample1.chunk1.bam.pbi:md5,7383f12d373361aac2d9d2158002ad04",
                "sample1.chunk1.report.csv:md5,44eeeb49c3f86a52f40ffbd8320e3a06",
                "sample1.chunk2.bam:md5,5cf5e0214cb1d867c86a156ed74aa631",
                "sample1.chunk2.bam.pbi:md5,aa43462ff21a04685840e389c6df23b8",
                "sample1.chunk2.report.csv:md5,3c000f3c2dceccec8e68e2101ccb29a0",
                "sample1.chunk3.bam:md5,0edb142fd8449d1b59e79376db003f2a",
                "sample1.chunk3.bam.pbi:md5,c171d37825de8e2d4f727a69565056e2",
                "sample1.chunk3.report.csv:md5,3f71153a4389c184848fbf9076dedfca",
                "sample1.chunk4.bam:md5,2fdd9d7fefaf718964f2a705f0ac26e8",
                "sample1.chunk4.bam.pbi:md5,13fe13a2a2bbca4dc4167538d122db1a",
                "sample1.chunk4.report.csv:md5,10438a332df3673df211529f3b55a635",
                "sample1.chunk5.bam:md5,a5884c40cf37b69c90220268e09dc1da",
                "sample1.chunk5.bam.pbi:md5,e0c55b17bfb759ad0722525f55503680",
                "sample1.chunk5.report.csv:md5,7dbdca744ba863b362410c4fb0fbb6ab",
                "sample2.bam:md5,496422f4c80ae234e1a6d763322e0f4f",
                "sample2.bam.pbi:md5,0f5aa85e68e320254e9dfcc511aba914",
                "sample2.report.csv:md5,d42a139e5d9b08396bdb087c01243ea9",
                "sample3.bam:md5,cea4097036d79a3fa2255064274b9ee5",
                "sample3.bam.pbi:md5,bd90ba5526c274000881fa2cc9a35a8c",
                "sample3.report.csv:md5,8d350f8dba8c928ec8b693f47dc1c096",
                "sample1.chunk1.fasta:md5,32d548c6d7840dccf2542194aed84aee",
                "sample1.chunk2.fasta:md5,e59d9e3cc7163e0a7ba5f93f9a91a894",
                "sample1.chunk3.fasta:md5,6b7855f3ed392e3ea313d1fe732cfacf",
                "sample1.chunk4.fasta:md5,b955c90a945211d89e03069a751aed43",
                "sample1.chunk5.fasta:md5,0e126b8c3002e5fa600ef48732fa6183",
                "sample2.fasta:md5,c5c29b8da57e24222fded8814ea43fca",
                "sample3.fasta:md5,81b607067bac48a5b53281e982acd623",
                "sample1.chunk1_tama.fa.gz:md5,123d1c8aa61372b00708bf187525a7e8",
                "sample1.chunk1_tama_polya_flnc_report.txt.gz:md5,6a47612bcb322b4a5e33f55d52c683f2",
                "sample1.chunk1_tama_tails.fa.gz:md5,b5265bd73fb2e18d3642e271caf81f38",
                "sample1.chunk2_tama.fa.gz:md5,1124febf474adbbb35051e091199b74a",
                "sample1.chunk2_tama_polya_flnc_report.txt.gz:md5,dd8fc1193f0269bc000c005c445245ef",
                "sample1.chunk2_tama_tails.fa.gz:md5,e1dddbef670a07cc9a6f37269c474aa1",
                "sample1.chunk3_tama.fa.gz:md5,5c831ec6cfb2061fc5e158c524689947",
                "sample1.chunk3_tama_polya_flnc_report.txt.gz:md5,81accd783a26ce65839b56b1b75ad1c7",
                "sample1.chunk3_tama_tails.fa.gz:md5,8182e5590ec98c390f20b2a4812bd608",
                "sample1.chunk4_tama.fa.gz:md5,5e2b0b58badab17820a2823261f62a4e",
                "sample1.chunk4_tama_polya_flnc_report.txt.gz:md5,aeeee9ec5e28c503ff485160de11c7e1",
                "sample1.chunk4_tama_tails.fa.gz:md5,725faa67458d60450123fd5837083e4e",
                "sample1.chunk5_tama.fa.gz:md5,098f3846cf39d3d7b5b1f2e2a8269778",
                "sample1.chunk5_tama_polya_flnc_report.txt.gz:md5,e1ab002d18f3e66637354e605bf0230d",
                "sample1.chunk5_tama_tails.fa.gz:md5,63aa1ecd22740aa311500f4f537a0082",
                "sample2.chunk.1_tama.fa.gz:md5,eba6fd6a37715feb1f55acd2aba308fe",
                "sample2.chunk.1_tama_polya_flnc_report.txt.gz:md5,8f4ccfb4bea6210fcd2677141043eaaf",
                "sample2.chunk.1_tama_tails.fa.gz:md5,db050c0f7f02653fab9d3cb098874995",
                "sample2.chunk.2_tama.fa.gz:md5,dba8219a7fd40d39e145358928e79718",
                "sample2.chunk.2_tama_polya_flnc_report.txt.gz:md5,31719db0fd430cb6854da57d6882eb80",
                "sample2.chunk.2_tama_tails.fa.gz:md5,5e667c1aa16049e36b9b9b185b672f90",
                "sample2.chunk.3_tama.fa.gz:md5,2284da2407fb3d0c96280a5963c0f21d",
                "sample2.chunk.3_tama_polya_flnc_report.txt.gz:md5,8d95867bcb53e018305c18ed5cc14c00",
                "sample2.chunk.3_tama_tails.fa.gz:md5,63f2d71634e092e478909018f4c08fa9",
                "sample2.chunk.4_tama.fa.gz:md5,c63152a17a861184fb1f2611dcbcce12",
                "sample2.chunk.4_tama_polya_flnc_report.txt.gz:md5,7350ae2922384469f6c015a6e4898685",
                "sample2.chunk.4_tama_tails.fa.gz:md5,7703b0eff06e6c63cbf7fc212f3089ce",
                "sample2.chunk.5_tama.fa.gz:md5,89ea3e7f09fd3db800adc8e13ceff26b",
                "sample2.chunk.5_tama_polya_flnc_report.txt.gz:md5,d3c83d0d228f4f3850e2af8cdecc763a",
                "sample2.chunk.5_tama_tails.fa.gz:md5,0d92991493cf2ce045cd2a44ebca2f6a",
                "sample2.chunk.6_tama.fa.gz:md5,34a80800ddc45859c430cf4156158413",
                "sample2.chunk.6_tama_polya_flnc_report.txt.gz:md5,460c9b71e2bb758dad83331aca18d2fd",
                "sample2.chunk.6_tama_tails.fa.gz:md5,a11e5f0f7370a708b31469a42b95b6c1",
                "sample3.chunk.1_tama.fa.gz:md5,6ed270ddf8e79b541a51407a32889c9b",
                "sample3.chunk.1_tama_polya_flnc_report.txt.gz:md5,db83ccbbc1326abd9638bc2adfaa8677",
                "sample3.chunk.1_tama_tails.fa.gz:md5,3d91c6a6222dbab8823b6a506dc3555d",
                "sample1.chunk1.bam:md5,05b876e6a02e419ded3e7d3b7fd2c66a",
                "sample1.chunk1.bam.bai:md5,14d4a578e1e9eb9fbe429ac80e37f634",
                "sample1.chunk2.bam:md5,4dadea0cb46c696574498e1562864745",
                "sample1.chunk2.bam.bai:md5,ee7b9a7509af5b421f5cd93aa9791891",
                "sample1.chunk3.bam:md5,a1b2fe26c6b979cb93f3ac8fa1f41b9b",
                "sample1.chunk3.bam.bai:md5,c5755604d6d4c4ef1d9687981f47b0e6",
                "sample1.chunk4.bam:md5,b5fb0a8cbc99460b8770e758ca33e0f4",
                "sample1.chunk4.bam.bai:md5,f1c47b625ef61da7e11dd92cfc8c7a72",
                "sample1.chunk5.bam:md5,97e0293c396c85780ebae8b12a642056",
                "sample1.chunk5.bam.bai:md5,5ee308d918b29c25501d9cb14ef1b86f",
                "sample2.chunk.1.bam:md5,a0df366580fd743bce370291b8ce32cc",
                "sample2.chunk.1.bam.bai:md5,66b9785139aa59610cc4a949f7c839ac",
                "sample2.chunk.2.bam:md5,7d35cfed38e87bd822dea13ce4e74766",
                "sample2.chunk.2.bam.bai:md5,5d8c4ecd14d6d0b845a6e47f086ff2e7",
                "sample2.chunk.3.bam:md5,1d6a8a8e6ee8db566e960cbed0df71a0",
                "sample2.chunk.3.bam.bai:md5,e0d625e1dc48c173e0f6a1c791c87c44",
                "sample2.chunk.4.bam:md5,207902831da1287f3f36af29b3d34a63",
                "sample2.chunk.4.bam.bai:md5,b6b42a4b2d337931fb5792299b0521a6",
                "sample2.chunk.5.bam:md5,ea8213f194662798418b77eadc3a1f22",
                "sample2.chunk.5.bam.bai:md5,5d47f87b2f5ba7d9fd0b7f0cec2d9b39",
                "sample2.chunk.6.bam:md5,83c1efea282a1f852c643c1a0f570507",
                "sample2.chunk.6.bam.bai:md5,e44329937f49e0d4d40892b6f3b56b02",
                "sample3.chunk.1.bam:md5,4954f92214dbbd5371e8d8eff54e41b5",
                "sample3.chunk.1.bam.bai:md5,b609a123db52c19b3ee65913a9168cd1",
                "sample4.chunk.1.bam:md5,3bca5af9e87def50276f8536d77a1ae2",
                "sample4.chunk.1.bam.bai:md5,1aed8e2ce2636149efc07b9fe7771e32",
                "sample1.chunk1_collapsed.bed:md5,33f6bd7b72aa2957bbf0ceffc9ff1b32",
                "sample1.chunk1_local_density_error.txt:md5,bde56c7c2c791918943ea8d6c8c2169a",
                "sample1.chunk1_polya.txt:md5,628ea62b918fc4f31e109f724d714a66",
                "sample1.chunk1_read.txt:md5,bd4b21ad8ac7b2bec993b7b72501c2ab",
                "sample1.chunk1_strand_check.txt:md5,42cc52b2660b1e0b84e1c9ab37a965ec",
                "sample1.chunk1_trans_read.bed:md5,19cdf0d7d935665da0f96b936c6affc6",
                "sample1.chunk1_trans_report.txt:md5,35610244e9d495e6f5dee1c6ae0580f8",
                "sample1.chunk1_varcov.txt:md5,7b77861fe5e8e953d6d193ace2467e12",
                "sample1.chunk1_variants.txt:md5,a4c518e1dfb7ff762bd7e5c3d7370986",
                "sample1.chunk2_collapsed.bed:md5,05f7568e3d2f390e44f9f985b27247e2",
                "sample1.chunk2_local_density_error.txt:md5,7247a67bea9392c73ed5c4288bc66672",
                "sample1.chunk2_polya.txt:md5,434e6f3327bbeecd708dc6cc1edaa118",
                "sample1.chunk2_read.txt:md5,4ae8757dedd0f8cfb7c922dd7589a4f2",
                "sample1.chunk2_strand_check.txt:md5,42cc52b2660b1e0b84e1c9ab37a965ec",
                "sample1.chunk2_trans_read.bed:md5,928ee441099b8c0d3c44054524603e94",
                "sample1.chunk2_trans_report.txt:md5,e0ae3f827531d7316f9397b4dbdb0667",
                "sample1.chunk2_varcov.txt:md5,7b77861fe5e8e953d6d193ace2467e12",
                "sample1.chunk2_variants.txt:md5,a4c518e1dfb7ff762bd7e5c3d7370986",
                "sample1.chunk3_collapsed.bed:md5,844806f6d1979d68a3b9096267d7bf07",
                "sample1.chunk3_local_density_error.txt:md5,cda740cdf5b59aed316d23d97cccb9f4",
                "sample1.chunk3_polya.txt:md5,f5872c789c84037abd230f3e3053429e",
                "sample1.chunk3_read.txt:md5,3a2c866905dfcdb140e86340a95d90d2",
                "sample1.chunk3_strand_check.txt:md5,42cc52b2660b1e0b84e1c9ab37a965ec",
                "sample1.chunk3_trans_read.bed:md5,c4e132389c86dc844e76f78c3724ed8d",
                "sample1.chunk3_trans_report.txt:md5,eb6a4b39128ce0c19a96b5df9bb00010",
                "sample1.chunk3_varcov.txt:md5,7b77861fe5e8e953d6d193ace2467e12",
                "sample1.chunk3_variants.txt:md5,a4c518e1dfb7ff762bd7e5c3d7370986",
                "sample1.chunk4_collapsed.bed:md5,1abee63ee6b2ecd8a579fd293e9787bb",
                "sample1.chunk4_local_density_error.txt:md5,d35f24d3f83e2513bfd055cf3e438037",
                "sample1.chunk4_polya.txt:md5,9b1bb126d5f3ba8b1605fadec4f28d15",
                "sample1.chunk4_read.txt:md5,e8eb42852f61205870f89e015a2f987e",
                "sample1.chunk4_strand_check.txt:md5,42cc52b2660b1e0b84e1c9ab37a965ec",
                "sample1.chunk4_trans_read.bed:md5,340aa905ab34937cf34d8434ad00ecc9",
                "sample1.chunk4_trans_report.txt:md5,0c43e570ac23818b1c183d48588deab1",
                "sample1.chunk4_varcov.txt:md5,7b77861fe5e8e953d6d193ace2467e12",
                "sample1.chunk4_variants.txt:md5,a4c518e1dfb7ff762bd7e5c3d7370986",
                "sample1.chunk5_collapsed.bed:md5,1a8baa8613f6bdd0a0fa1ad7c38b7aaa",
                "sample1.chunk5_local_density_error.txt:md5,2a87123d2eb92f00ac730924b19dc2f8",
                "sample1.chunk5_polya.txt:md5,b5e129f170b71a74aae74120730ffdb1",
                "sample1.chunk5_read.txt:md5,6fc5c8520a8bb47cc549376f5e32ce3b",
                "sample1.chunk5_strand_check.txt:md5,42cc52b2660b1e0b84e1c9ab37a965ec",
                "sample1.chunk5_trans_read.bed:md5,6f43624e2fad10e896ecd93011ae92ae",
                "sample1.chunk5_trans_report.txt:md5,5d6c4748d0b86d7b29cdf0d1f3e3cdf5",
                "sample1.chunk5_varcov.txt:md5,7b77861fe5e8e953d6d193ace2467e12",
                "sample1.chunk5_variants.txt:md5,a4c518e1dfb7ff762bd7e5c3d7370986",
                "sample2.chunk.1_collapsed.bed:md5,2a5b07fa24ddcb51259063a76c52acee",
                "sample2.chunk.1_local_density_error.txt:md5,b6fa52ea6fa7f3a7add75dec930cc6b3",
                "sample2.chunk.1_polya.txt:md5,48e49820ebf548cf1547fd7dfd93b753",
                "sample2.chunk.1_read.txt:md5,3a4d70008407cb42bac94ec94ffaecac",
                "sample2.chunk.1_strand_check.txt:md5,42cc52b2660b1e0b84e1c9ab37a965ec",
                "sample2.chunk.1_trans_read.bed:md5,ae71e848615d3f0ae550e6bc4639f44e",
                "sample2.chunk.1_trans_report.txt:md5,3d21f4fda06970fa6ef67acd6f7ed9d5",
                "sample2.chunk.1_varcov.txt:md5,7b77861fe5e8e953d6d193ace2467e12",
                "sample2.chunk.1_variants.txt:md5,a4c518e1dfb7ff762bd7e5c3d7370986",
                "sample2.chunk.2_collapsed.bed:md5,0f05bb1b7b5e40614382eb1817dd557e",
                "sample2.chunk.2_local_density_error.txt:md5,4a46e426dcd85ca8c743ea3422f65188",
                "sample2.chunk.2_polya.txt:md5,d21f8811d58b55d0d94d9d3f93c7fceb",
                "sample2.chunk.2_read.txt:md5,3600aefaca5b22494e085a686d1b46cc",
                "sample2.chunk.2_strand_check.txt:md5,42cc52b2660b1e0b84e1c9ab37a965ec",
                "sample2.chunk.2_trans_read.bed:md5,628e3e88297ce40fca491345304dfba6",
                "sample2.chunk.2_trans_report.txt:md5,983a121808b374b2f05166de960b0419",
                "sample2.chunk.2_varcov.txt:md5,7b77861fe5e8e953d6d193ace2467e12",
                "sample2.chunk.2_variants.txt:md5,a4c518e1dfb7ff762bd7e5c3d7370986",
                "sample2.chunk.3_collapsed.bed:md5,4c80428bc3bd3a052209df58eb57eaf8",
                "sample2.chunk.3_local_density_error.txt:md5,8c5967a572846420b98932b7fd98310c",
                "sample2.chunk.3_polya.txt:md5,ee69a686a6dfad12f29e235afd72b377",
                "sample2.chunk.3_read.txt:md5,7ac6ae4752631ee92442d3d4a86846a8",
                "sample2.chunk.3_strand_check.txt:md5,42cc52b2660b1e0b84e1c9ab37a965ec",
                "sample2.chunk.3_trans_read.bed:md5,2de626e8c3e8fa21b938e888229d6160",
                "sample2.chunk.3_trans_report.txt:md5,52bcdea21e4f8bef847e2c21693c40ea",
                "sample2.chunk.3_varcov.txt:md5,7b77861fe5e8e953d6d193ace2467e12",
                "sample2.chunk.3_variants.txt:md5,a4c518e1dfb7ff762bd7e5c3d7370986",
                "sample2.chunk.4_collapsed.bed:md5,116215ae754f236bca4c4115d6e7b124",
                "sample2.chunk.4_local_density_error.txt:md5,65af1e6f5a1d39ad6b24bd1a63a6278a",
                "sample2.chunk.4_polya.txt:md5,c9919cd20d7bbf4f593cd2844bd28550",
                "sample2.chunk.4_read.txt:md5,4760b76910a567cf62a83f4b21d085aa",
                "sample2.chunk.4_strand_check.txt:md5,42cc52b2660b1e0b84e1c9ab37a965ec",
                "sample2.chunk.4_trans_read.bed:md5,6d4851ed8eb0b2df1d656dbb5a2ad3c6",
                "sample2.chunk.4_trans_report.txt:md5,1029b53f7d59c97d87df970fb3e0501e",
                "sample2.chunk.4_varcov.txt:md5,7b77861fe5e8e953d6d193ace2467e12",
                "sample2.chunk.4_variants.txt:md5,a4c518e1dfb7ff762bd7e5c3d7370986",
                "sample2.chunk.5_collapsed.bed:md5,35d2a8acdcd0a40330624f5bcf033206",
                "sample2.chunk.5_local_density_error.txt:md5,e87053b8c7f58a350225a6d43be17d72",
                "sample2.chunk.5_polya.txt:md5,8b4cc38336bfe6ff6d8eca74166d24a9",
                "sample2.chunk.5_read.txt:md5,f441d3c36963cc277178b4e1af275d1b",
                "sample2.chunk.5_strand_check.txt:md5,42cc52b2660b1e0b84e1c9ab37a965ec",
                "sample2.chunk.5_trans_read.bed:md5,8175932eec00949b37030106d9e84621",
                "sample2.chunk.5_trans_report.txt:md5,178e21fb7ea02d1b84682dc2e934c330",
                "sample2.chunk.5_varcov.txt:md5,7b77861fe5e8e953d6d193ace2467e12",
                "sample2.chunk.5_variants.txt:md5,a4c518e1dfb7ff762bd7e5c3d7370986",
                "sample2.chunk.6_collapsed.bed:md5,93c66ee57dbf302a6b2d99600cc730c4",
                "sample2.chunk.6_local_density_error.txt:md5,0b62cde5a47f0a4dc2c0e4c26235b241",
                "sample2.chunk.6_polya.txt:md5,2cb46eac9b00a08095b1bd4e0244559d",
                "sample2.chunk.6_read.txt:md5,9ea2721f96d5efe63bc35850bbf12520",
                "sample2.chunk.6_strand_check.txt:md5,42cc52b2660b1e0b84e1c9ab37a965ec",
                "sample2.chunk.6_trans_read.bed:md5,2080114fac4005105ed4b8f291afd4b9",
                "sample2.chunk.6_trans_report.txt:md5,15ad4aa7c425624464a179cf4d434e2e",
                "sample2.chunk.6_varcov.txt:md5,7b77861fe5e8e953d6d193ace2467e12",
                "sample2.chunk.6_variants.txt:md5,a4c518e1dfb7ff762bd7e5c3d7370986",
                "sample3.chunk.1_collapsed.bed:md5,33f6bd7b72aa2957bbf0ceffc9ff1b32",
                "sample3.chunk.1_local_density_error.txt:md5,25e666a9e8b3af9271532659a0b28013",
                "sample3.chunk.1_polya.txt:md5,628ea62b918fc4f31e109f724d714a66",
                "sample3.chunk.1_read.txt:md5,f5bedd14060f896f268d1aff22da3c5b",
                "sample3.chunk.1_strand_check.txt:md5,42cc52b2660b1e0b84e1c9ab37a965ec",
                "sample3.chunk.1_trans_read.bed:md5,86f4b69ae68a2ac46a38b9d82946f63e",
                "sample3.chunk.1_trans_report.txt:md5,41739b80f8a4b828e8d91883c514166d",
                "sample3.chunk.1_varcov.txt:md5,7b77861fe5e8e953d6d193ace2467e12",
                "sample3.chunk.1_variants.txt:md5,a4c518e1dfb7ff762bd7e5c3d7370986",
                "sample4.chunk.1_collapsed.bed:md5,66cf1481b1e69fa4cf3b13f07efd8c40",
                "sample4.chunk.1_local_density_error.txt:md5,2e2b91bbdd3225ebcd3402edf86a2cc6",
                "sample4.chunk.1_polya.txt:md5,6fd5552e7b2152e3b46cdee04b140104",
                "sample4.chunk.1_read.txt:md5,b0dc554a9b99c5f5b6fd3203f276c797",
                "sample4.chunk.1_strand_check.txt:md5,42cc52b2660b1e0b84e1c9ab37a965ec",
                "sample4.chunk.1_trans_read.bed:md5,347f03649d304377cb37dec40830d35c",
                "sample4.chunk.1_trans_report.txt:md5,e2b7c12377d7a4424b253898f0f0bd7a",
                "sample4.chunk.1_varcov.txt:md5,7b77861fe5e8e953d6d193ace2467e12",
                "sample4.chunk.1_variants.txt:md5,a4c518e1dfb7ff762bd7e5c3d7370986",
                "all_samples.tsv:md5,c9dc869f5db1c0d02d8105182118a215",
                "sample1.tsv:md5,6671994e085947a9699dc79167c47f61",
                "sample2.tsv:md5,d34263e26e449eda24652af57dd8f4db",
                "sample3.tsv:md5,4a4a732dce891a87fa5f3cb9437869dc",
                "sample4.tsv:md5,56c7a784cbacb98d2808cad7862034f0",
                "all_samples.bed:md5,f21b344431b2eb07ef36f1486c4fac2a",
                "all_samples_gene_report.txt:md5,183fa061c4ce949280258798015cce68",
                "all_samples_merge.txt:md5,ffd38c600edfa646eee2e110a0ec45a0",
                "all_samples_trans_report.txt:md5,c1804fb1e0a38daf04ace73366c84982",
                "sample1.bed:md5,4928c5cc59c23dd25486a22a9a5e9bed",
                "sample1_gene_report.txt:md5,b15e53df097c6d49497eb1868bcc8e1f",
                "sample1_merge.txt:md5,c1b1b3e786c105370fb29a15ea9a4e97",
                "sample1_trans_report.txt:md5,a0163623dfad0d0720c6e85abc97593a",
                "sample2.bed:md5,f587c4c86b185278b89f6495effde755",
                "sample2_gene_report.txt:md5,a734e2242a6996296cedadca68293566",
                "sample2_merge.txt:md5,76832f0cd6cc66a02576c36919bbf486",
                "sample2_trans_report.txt:md5,61238f1a1a64255b909f97d36c20336a",
                "sample3.bed:md5,33f6bd7b72aa2957bbf0ceffc9ff1b32",
                "sample3_gene_report.txt:md5,ddc9e0644d2ff484937da7124a1ec6db",
                "sample3_merge.txt:md5,15bc80abe7287d2d998de8683ca133c5",
                "sample3_trans_report.txt:md5,915c01f6f963a284178f1e772c5e7bd6",
                "sample4.bed:md5,66cf1481b1e69fa4cf3b13f07efd8c40",
                "sample4_gene_report.txt:md5,5b7307eaa0aa729ee7a4284351670efc",
                "sample4_merge.txt:md5,f4593127fe6ce579788c61d396510131",
                "sample4_trans_report.txt:md5,0df5ed5df4ef58ae7c697b7405b40a8b",
                "ccs-filter-graph.txt:md5,321bcf26069f3f93b199f25643fa957a",
                "multiqc_citations.txt:md5,4c806e63a283ec1b7e78cdae3a923d4f",
                "multiqc_general_stats.txt:md5,8dddc619d547087b978259234f7899ed",
                "multiqc_lima_counts.txt:md5,d00757e4773f621db4f5459ca7a21088",
                "multiqc_lima_summary.txt:md5,f49f1bbc3fd7e898a71dca2702a99519"
            ]
        ],
        "meta": {
            "nf-test": "0.9.3",
            "nextflow": "25.10.0"
        },
        "timestamp": "2025-11-10T12:45:13.33541354"
    }
}