{
    "-profile test_inputs_refine_map": {
        "content": [
            {
                "BAMTOOLS_CONVERT": {
                    "bamtools": "2.5.2"
                },
                "GSTAMA_COLLAPSE": {
                    "gstama": 20211103
                },
                "GSTAMA_MERGE": {
                    "gstama": "0.0.1"
                },
                "GSTAMA_POLYACLEANUP": {
                    "gstama": 20211103
                },
                "ISOSEQ_REFINE": {
                    "isoseq": "4.0.0"
                },
                "MINIMAP2_ALIGN": {
                    "minimap2": "2.29-r1283",
                    "samtools": 1.21
                }
            },
            [
                "03_ISOSEQ_REFINE",
                "03_ISOSEQ_REFINE/sample3.bam",
                "03_ISOSEQ_REFINE/sample3.bam.pbi",
                "03_ISOSEQ_REFINE/sample3.consensusreadset.xml",
                "03_ISOSEQ_REFINE/sample3.filter_summary.report.json",
                "03_ISOSEQ_REFINE/sample3.report.csv",
                "04_BAMTOOLS_CONVERT",
                "04_BAMTOOLS_CONVERT/sample3.fasta",
                "05_GSTAMA_POLYACLEANUP",
                "05_GSTAMA_POLYACLEANUP/sample3_tama.fa.gz",
                "05_GSTAMA_POLYACLEANUP/sample3_tama_polya_flnc_report.txt.gz",
                "05_GSTAMA_POLYACLEANUP/sample3_tama_tails.fa.gz",
                "06_MINIMAP2",
                "06_MINIMAP2/sample3.chunk.1.bam",
                "06_MINIMAP2/sample3.chunk.1.bam.bai",
                "06_MINIMAP2/sample4.chunk.1.bam",
                "06_MINIMAP2/sample4.chunk.1.bam.bai",
                "07_GSTAMA_COLLAPSE",
                "07_GSTAMA_COLLAPSE/sample3.chunk.1_collapsed.bed",
                "07_GSTAMA_COLLAPSE/sample3.chunk.1_local_density_error.txt",
                "07_GSTAMA_COLLAPSE/sample3.chunk.1_polya.txt",
                "07_GSTAMA_COLLAPSE/sample3.chunk.1_read.txt",
                "07_GSTAMA_COLLAPSE/sample3.chunk.1_strand_check.txt",
                "07_GSTAMA_COLLAPSE/sample3.chunk.1_trans_read.bed",
                "07_GSTAMA_COLLAPSE/sample3.chunk.1_trans_report.txt",
                "07_GSTAMA_COLLAPSE/sample3.chunk.1_varcov.txt",
                "07_GSTAMA_COLLAPSE/sample3.chunk.1_variants.txt",
                "07_GSTAMA_COLLAPSE/sample4.chunk.1_collapsed.bed",
                "07_GSTAMA_COLLAPSE/sample4.chunk.1_local_density_error.txt",
                "07_GSTAMA_COLLAPSE/sample4.chunk.1_polya.txt",
                "07_GSTAMA_COLLAPSE/sample4.chunk.1_read.txt",
                "07_GSTAMA_COLLAPSE/sample4.chunk.1_strand_check.txt",
                "07_GSTAMA_COLLAPSE/sample4.chunk.1_trans_read.bed",
                "07_GSTAMA_COLLAPSE/sample4.chunk.1_trans_report.txt",
                "07_GSTAMA_COLLAPSE/sample4.chunk.1_varcov.txt",
                "07_GSTAMA_COLLAPSE/sample4.chunk.1_variants.txt",
                "08_GSTAMA_FILELIST",
                "08_GSTAMA_FILELIST/sample3.tsv",
                "08_GSTAMA_FILELIST/sample4.tsv",
                "09_GSTAMA_MERGE",
                "09_GSTAMA_MERGE/sample3.bed",
                "09_GSTAMA_MERGE/sample3_gene_report.txt",
                "09_GSTAMA_MERGE/sample3_merge.txt",
                "09_GSTAMA_MERGE/sample3_trans_report.txt",
                "09_GSTAMA_MERGE/sample4.bed",
                "09_GSTAMA_MERGE/sample4_gene_report.txt",
                "09_GSTAMA_MERGE/sample4_merge.txt",
                "09_GSTAMA_MERGE/sample4_trans_report.txt",
                "multiqc",
                "multiqc/multiqc_data",
                "multiqc/multiqc_data/llms-full.txt",
                "multiqc/multiqc_data/multiqc.log",
                "multiqc/multiqc_data/multiqc.parquet",
                "multiqc/multiqc_data/multiqc_citations.txt",
                "multiqc/multiqc_data/multiqc_data.json",
                "multiqc/multiqc_data/multiqc_software_versions.txt",
                "multiqc/multiqc_data/multiqc_sources.txt",
                "multiqc/multiqc_report.html",
                "pipeline_info",
                "pipeline_info/nf_core_isoseq_software_mqc_versions.yml"
            ],
            [
                "sample3.bam:md5,7257fbad3ad603e243ce19923739d346",
                "sample3.bam.pbi:md5,075844de75d07585438c8d87ca33c48d",
                "sample3.report.csv:md5,44eeeb49c3f86a52f40ffbd8320e3a06",
                "sample3.fasta:md5,32d548c6d7840dccf2542194aed84aee",
                "sample3_tama.fa.gz:md5,123d1c8aa61372b00708bf187525a7e8",
                "sample3_tama_polya_flnc_report.txt.gz:md5,6a47612bcb322b4a5e33f55d52c683f2",
                "sample3_tama_tails.fa.gz:md5,b5265bd73fb2e18d3642e271caf81f38",
                "sample3.chunk.1.bam:md5,519f3513b711e60b97dd8621edb7d62c",
                "sample3.chunk.1.bam.bai:md5,5322701dd3f7fd13c015bb7603efe980",
                "sample4.chunk.1.bam:md5,aaba495027b48abd3a73ca9f1fdaa239",
                "sample4.chunk.1.bam.bai:md5,300573e0a56a603f258a11d85b7e6f0e",
                "sample3.chunk.1_collapsed.bed:md5,33f6bd7b72aa2957bbf0ceffc9ff1b32",
                "sample3.chunk.1_local_density_error.txt:md5,bde56c7c2c791918943ea8d6c8c2169a",
                "sample3.chunk.1_polya.txt:md5,628ea62b918fc4f31e109f724d714a66",
                "sample3.chunk.1_read.txt:md5,bd4b21ad8ac7b2bec993b7b72501c2ab",
                "sample3.chunk.1_strand_check.txt:md5,42cc52b2660b1e0b84e1c9ab37a965ec",
                "sample3.chunk.1_trans_read.bed:md5,19cdf0d7d935665da0f96b936c6affc6",
                "sample3.chunk.1_trans_report.txt:md5,35610244e9d495e6f5dee1c6ae0580f8",
                "sample3.chunk.1_varcov.txt:md5,7b77861fe5e8e953d6d193ace2467e12",
                "sample3.chunk.1_variants.txt:md5,a4c518e1dfb7ff762bd7e5c3d7370986",
                "sample4.chunk.1_collapsed.bed:md5,66cf1481b1e69fa4cf3b13f07efd8c40",
                "sample4.chunk.1_local_density_error.txt:md5,2e2b91bbdd3225ebcd3402edf86a2cc6",
                "sample4.chunk.1_polya.txt:md5,6fd5552e7b2152e3b46cdee04b140104",
                "sample4.chunk.1_read.txt:md5,b0dc554a9b99c5f5b6fd3203f276c797",
                "sample4.chunk.1_strand_check.txt:md5,42cc52b2660b1e0b84e1c9ab37a965ec",
                "sample4.chunk.1_trans_read.bed:md5,347f03649d304377cb37dec40830d35c",
                "sample4.chunk.1_trans_report.txt:md5,e2b7c12377d7a4424b253898f0f0bd7a",
                "sample4.chunk.1_varcov.txt:md5,7b77861fe5e8e953d6d193ace2467e12",
                "sample4.chunk.1_variants.txt:md5,a4c518e1dfb7ff762bd7e5c3d7370986",
                "sample3.tsv:md5,4a4a732dce891a87fa5f3cb9437869dc",
                "sample4.tsv:md5,56c7a784cbacb98d2808cad7862034f0",
                "sample3.bed:md5,33f6bd7b72aa2957bbf0ceffc9ff1b32",
                "sample3_gene_report.txt:md5,ddc9e0644d2ff484937da7124a1ec6db",
                "sample3_merge.txt:md5,15bc80abe7287d2d998de8683ca133c5",
                "sample3_trans_report.txt:md5,915c01f6f963a284178f1e772c5e7bd6",
                "sample4.bed:md5,66cf1481b1e69fa4cf3b13f07efd8c40",
                "sample4_gene_report.txt:md5,5b7307eaa0aa729ee7a4284351670efc",
                "sample4_merge.txt:md5,f4593127fe6ce579788c61d396510131",
                "sample4_trans_report.txt:md5,0df5ed5df4ef58ae7c697b7405b40a8b",
                "multiqc_citations.txt:md5,4c806e63a283ec1b7e78cdae3a923d4f"
            ]
        ],
        "meta": {
            "nf-test": "0.9.3",
            "nextflow": "25.10.0"
        },
        "timestamp": "2025-11-03T13:40:22.066583957"
    }
}