{
    "-profile test_inputs_map": {
        "content": [
            {
                "GSTAMA_COLLAPSE": {
                    "gstama": 20211103
                },
                "GSTAMA_MERGE": {
                    "gstama": "0.0.1"
                },
                "MINIMAP2_ALIGN": {
                    "minimap2": "2.29-r1283",
                    "samtools": 1.21
                }
            },
            [
                "06_MINIMAP2",
                "06_MINIMAP2/sample4.chunk.1.bam",
                "06_MINIMAP2/sample4.chunk.1.bam.bai",
                "07_GSTAMA_COLLAPSE",
                "07_GSTAMA_COLLAPSE/sample4.chunk.1_collapsed.bed",
                "07_GSTAMA_COLLAPSE/sample4.chunk.1_local_density_error.txt",
                "07_GSTAMA_COLLAPSE/sample4.chunk.1_polya.txt",
                "07_GSTAMA_COLLAPSE/sample4.chunk.1_read.txt",
                "07_GSTAMA_COLLAPSE/sample4.chunk.1_strand_check.txt",
                "07_GSTAMA_COLLAPSE/sample4.chunk.1_trans_read.bed",
                "07_GSTAMA_COLLAPSE/sample4.chunk.1_trans_report.txt",
                "07_GSTAMA_COLLAPSE/sample4.chunk.1_varcov.txt",
                "07_GSTAMA_COLLAPSE/sample4.chunk.1_variants.txt",
                "08_GSTAMA_FILELIST",
                "08_GSTAMA_FILELIST/sample4.tsv",
                "09_GSTAMA_MERGE",
                "09_GSTAMA_MERGE/sample4.bed",
                "09_GSTAMA_MERGE/sample4_gene_report.txt",
                "09_GSTAMA_MERGE/sample4_merge.txt",
                "09_GSTAMA_MERGE/sample4_trans_report.txt",
                "multiqc",
                "multiqc/multiqc_data",
                "multiqc/multiqc_data/llms-full.txt",
                "multiqc/multiqc_data/multiqc.log",
                "multiqc/multiqc_data/multiqc.parquet",
                "multiqc/multiqc_data/multiqc_citations.txt",
                "multiqc/multiqc_data/multiqc_data.json",
                "multiqc/multiqc_data/multiqc_software_versions.txt",
                "multiqc/multiqc_data/multiqc_sources.txt",
                "multiqc/multiqc_report.html",
                "pipeline_info",
                "pipeline_info/nf_core_isoseq_software_mqc_versions.yml"
            ],
            [
                "sample4.chunk.1.bam:md5,aaba495027b48abd3a73ca9f1fdaa239",
                "sample4.chunk.1.bam.bai:md5,300573e0a56a603f258a11d85b7e6f0e",
                "sample4.chunk.1_collapsed.bed:md5,66cf1481b1e69fa4cf3b13f07efd8c40",
                "sample4.chunk.1_local_density_error.txt:md5,2e2b91bbdd3225ebcd3402edf86a2cc6",
                "sample4.chunk.1_polya.txt:md5,6fd5552e7b2152e3b46cdee04b140104",
                "sample4.chunk.1_read.txt:md5,b0dc554a9b99c5f5b6fd3203f276c797",
                "sample4.chunk.1_strand_check.txt:md5,42cc52b2660b1e0b84e1c9ab37a965ec",
                "sample4.chunk.1_trans_read.bed:md5,347f03649d304377cb37dec40830d35c",
                "sample4.chunk.1_trans_report.txt:md5,e2b7c12377d7a4424b253898f0f0bd7a",
                "sample4.chunk.1_varcov.txt:md5,7b77861fe5e8e953d6d193ace2467e12",
                "sample4.chunk.1_variants.txt:md5,a4c518e1dfb7ff762bd7e5c3d7370986",
                "sample4.tsv:md5,56c7a784cbacb98d2808cad7862034f0",
                "sample4.bed:md5,66cf1481b1e69fa4cf3b13f07efd8c40",
                "sample4_gene_report.txt:md5,5b7307eaa0aa729ee7a4284351670efc",
                "sample4_merge.txt:md5,f4593127fe6ce579788c61d396510131",
                "sample4_trans_report.txt:md5,0df5ed5df4ef58ae7c697b7405b40a8b",
                "multiqc_citations.txt:md5,4c806e63a283ec1b7e78cdae3a923d4f"
            ]
        ],
        "meta": {
            "nf-test": "0.9.3",
            "nextflow": "25.10.0"
        },
        "timestamp": "2025-11-03T13:39:49.024609411"
    },
    "-profile test_map": {
        "content": [
            {
                
            },
            [
                
            ],
            [
                
            ]
        ],
        "meta": {
            "nf-test": "0.9.3",
            "nextflow": "25.10.0"
        },
        "timestamp": "2025-11-01T11:47:15.897285074"
    }
}