{
    "-profile test_inputs_ccs_map": {
        "content": [
            {
                "BAMTOOLS_CONVERT": {
                    "bamtools": "2.5.2"
                },
                "GSTAMA_COLLAPSE": {
                    "gstama": 20211103
                },
                "GSTAMA_MERGE": {
                    "gstama": "0.0.1"
                },
                "GSTAMA_POLYACLEANUP": {
                    "gstama": 20211103
                },
                "ISOSEQ_REFINE": {
                    "isoseq": "4.0.0"
                },
                "LIMA": {
                    "lima": "2.12.0"
                },
                "MINIMAP2_ALIGN": {
                    "minimap2": "2.29-r1283",
                    "samtools": 1.21
                },
                "PBCCS": {
                    "pbccs": "6.4.0"
                }
            },
            [
                "01_PBCCS",
                "01_PBCCS/sample1.chunk1.bam",
                "01_PBCCS/sample1.chunk1.bam.pbi",
                "01_PBCCS/sample1.chunk1.metrics.json.gz",
                "01_PBCCS/sample1.chunk1.report.json",
                "01_PBCCS/sample1.chunk1.report.txt",
                "01_PBCCS/sample1.chunk2.bam",
                "01_PBCCS/sample1.chunk2.bam.pbi",
                "01_PBCCS/sample1.chunk2.metrics.json.gz",
                "01_PBCCS/sample1.chunk2.report.json",
                "01_PBCCS/sample1.chunk2.report.txt",
                "01_PBCCS/sample1.chunk3.bam",
                "01_PBCCS/sample1.chunk3.bam.pbi",
                "01_PBCCS/sample1.chunk3.metrics.json.gz",
                "01_PBCCS/sample1.chunk3.report.json",
                "01_PBCCS/sample1.chunk3.report.txt",
                "01_PBCCS/sample1.chunk4.bam",
                "01_PBCCS/sample1.chunk4.bam.pbi",
                "01_PBCCS/sample1.chunk4.metrics.json.gz",
                "01_PBCCS/sample1.chunk4.report.json",
                "01_PBCCS/sample1.chunk4.report.txt",
                "01_PBCCS/sample1.chunk5.bam",
                "01_PBCCS/sample1.chunk5.bam.pbi",
                "01_PBCCS/sample1.chunk5.metrics.json.gz",
                "01_PBCCS/sample1.chunk5.report.json",
                "01_PBCCS/sample1.chunk5.report.txt",
                "02_LIMA",
                "02_LIMA/sample1.chunk1_flnc.NEB_5p--NEB_Clontech_3p.bam",
                "02_LIMA/sample1.chunk1_flnc.NEB_5p--NEB_Clontech_3p.bam.pbi",
                "02_LIMA/sample1.chunk1_flnc.NEB_5p--NEB_Clontech_3p.consensusreadset.xml",
                "02_LIMA/sample1.chunk1_flnc.consensusreadset.xml",
                "02_LIMA/sample1.chunk1_flnc.json",
                "02_LIMA/sample1.chunk1_flnc.lima.clips",
                "02_LIMA/sample1.chunk1_flnc.lima.counts",
                "02_LIMA/sample1.chunk1_flnc.lima.guess",
                "02_LIMA/sample1.chunk1_flnc.lima.report",
                "02_LIMA/sample1.chunk1_flnc.lima.summary",
                "02_LIMA/sample1.chunk2_flnc.NEB_5p--NEB_Clontech_3p.bam",
                "02_LIMA/sample1.chunk2_flnc.NEB_5p--NEB_Clontech_3p.bam.pbi",
                "02_LIMA/sample1.chunk2_flnc.NEB_5p--NEB_Clontech_3p.consensusreadset.xml",
                "02_LIMA/sample1.chunk2_flnc.consensusreadset.xml",
                "02_LIMA/sample1.chunk2_flnc.json",
                "02_LIMA/sample1.chunk2_flnc.lima.clips",
                "02_LIMA/sample1.chunk2_flnc.lima.counts",
                "02_LIMA/sample1.chunk2_flnc.lima.guess",
                "02_LIMA/sample1.chunk2_flnc.lima.report",
                "02_LIMA/sample1.chunk2_flnc.lima.summary",
                "02_LIMA/sample1.chunk3_flnc.NEB_5p--NEB_Clontech_3p.bam",
                "02_LIMA/sample1.chunk3_flnc.NEB_5p--NEB_Clontech_3p.bam.pbi",
                "02_LIMA/sample1.chunk3_flnc.NEB_5p--NEB_Clontech_3p.consensusreadset.xml",
                "02_LIMA/sample1.chunk3_flnc.consensusreadset.xml",
                "02_LIMA/sample1.chunk3_flnc.json",
                "02_LIMA/sample1.chunk3_flnc.lima.clips",
                "02_LIMA/sample1.chunk3_flnc.lima.counts",
                "02_LIMA/sample1.chunk3_flnc.lima.guess",
                "02_LIMA/sample1.chunk3_flnc.lima.report",
                "02_LIMA/sample1.chunk3_flnc.lima.summary",
                "02_LIMA/sample1.chunk4_flnc.NEB_5p--NEB_Clontech_3p.bam",
                "02_LIMA/sample1.chunk4_flnc.NEB_5p--NEB_Clontech_3p.bam.pbi",
                "02_LIMA/sample1.chunk4_flnc.NEB_5p--NEB_Clontech_3p.consensusreadset.xml",
                "02_LIMA/sample1.chunk4_flnc.consensusreadset.xml",
                "02_LIMA/sample1.chunk4_flnc.json",
                "02_LIMA/sample1.chunk4_flnc.lima.clips",
                "02_LIMA/sample1.chunk4_flnc.lima.counts",
                "02_LIMA/sample1.chunk4_flnc.lima.guess",
                "02_LIMA/sample1.chunk4_flnc.lima.report",
                "02_LIMA/sample1.chunk4_flnc.lima.summary",
                "02_LIMA/sample1.chunk5_flnc.NEB_5p--NEB_Clontech_3p.bam",
                "02_LIMA/sample1.chunk5_flnc.NEB_5p--NEB_Clontech_3p.bam.pbi",
                "02_LIMA/sample1.chunk5_flnc.NEB_5p--NEB_Clontech_3p.consensusreadset.xml",
                "02_LIMA/sample1.chunk5_flnc.consensusreadset.xml",
                "02_LIMA/sample1.chunk5_flnc.json",
                "02_LIMA/sample1.chunk5_flnc.lima.clips",
                "02_LIMA/sample1.chunk5_flnc.lima.counts",
                "02_LIMA/sample1.chunk5_flnc.lima.guess",
                "02_LIMA/sample1.chunk5_flnc.lima.report",
                "02_LIMA/sample1.chunk5_flnc.lima.summary",
                "03_ISOSEQ_REFINE",
                "03_ISOSEQ_REFINE/sample1.chunk1.bam",
                "03_ISOSEQ_REFINE/sample1.chunk1.bam.pbi",
                "03_ISOSEQ_REFINE/sample1.chunk1.consensusreadset.xml",
                "03_ISOSEQ_REFINE/sample1.chunk1.filter_summary.report.json",
                "03_ISOSEQ_REFINE/sample1.chunk1.report.csv",
                "03_ISOSEQ_REFINE/sample1.chunk2.bam",
                "03_ISOSEQ_REFINE/sample1.chunk2.bam.pbi",
                "03_ISOSEQ_REFINE/sample1.chunk2.consensusreadset.xml",
                "03_ISOSEQ_REFINE/sample1.chunk2.filter_summary.report.json",
                "03_ISOSEQ_REFINE/sample1.chunk2.report.csv",
                "03_ISOSEQ_REFINE/sample1.chunk3.bam",
                "03_ISOSEQ_REFINE/sample1.chunk3.bam.pbi",
                "03_ISOSEQ_REFINE/sample1.chunk3.consensusreadset.xml",
                "03_ISOSEQ_REFINE/sample1.chunk3.filter_summary.report.json",
                "03_ISOSEQ_REFINE/sample1.chunk3.report.csv",
                "03_ISOSEQ_REFINE/sample1.chunk4.bam",
                "03_ISOSEQ_REFINE/sample1.chunk4.bam.pbi",
                "03_ISOSEQ_REFINE/sample1.chunk4.consensusreadset.xml",
                "03_ISOSEQ_REFINE/sample1.chunk4.filter_summary.report.json",
                "03_ISOSEQ_REFINE/sample1.chunk4.report.csv",
                "03_ISOSEQ_REFINE/sample1.chunk5.bam",
                "03_ISOSEQ_REFINE/sample1.chunk5.bam.pbi",
                "03_ISOSEQ_REFINE/sample1.chunk5.consensusreadset.xml",
                "03_ISOSEQ_REFINE/sample1.chunk5.filter_summary.report.json",
                "03_ISOSEQ_REFINE/sample1.chunk5.report.csv",
                "04_BAMTOOLS_CONVERT",
                "04_BAMTOOLS_CONVERT/sample1.chunk1.fasta",
                "04_BAMTOOLS_CONVERT/sample1.chunk2.fasta",
                "04_BAMTOOLS_CONVERT/sample1.chunk3.fasta",
                "04_BAMTOOLS_CONVERT/sample1.chunk4.fasta",
                "04_BAMTOOLS_CONVERT/sample1.chunk5.fasta",
                "05_GSTAMA_POLYACLEANUP",
                "05_GSTAMA_POLYACLEANUP/sample1.chunk1_tama.fa.gz",
                "05_GSTAMA_POLYACLEANUP/sample1.chunk1_tama_polya_flnc_report.txt.gz",
                "05_GSTAMA_POLYACLEANUP/sample1.chunk1_tama_tails.fa.gz",
                "05_GSTAMA_POLYACLEANUP/sample1.chunk2_tama.fa.gz",
                "05_GSTAMA_POLYACLEANUP/sample1.chunk2_tama_polya_flnc_report.txt.gz",
                "05_GSTAMA_POLYACLEANUP/sample1.chunk2_tama_tails.fa.gz",
                "05_GSTAMA_POLYACLEANUP/sample1.chunk3_tama.fa.gz",
                "05_GSTAMA_POLYACLEANUP/sample1.chunk3_tama_polya_flnc_report.txt.gz",
                "05_GSTAMA_POLYACLEANUP/sample1.chunk3_tama_tails.fa.gz",
                "05_GSTAMA_POLYACLEANUP/sample1.chunk4_tama.fa.gz",
                "05_GSTAMA_POLYACLEANUP/sample1.chunk4_tama_polya_flnc_report.txt.gz",
                "05_GSTAMA_POLYACLEANUP/sample1.chunk4_tama_tails.fa.gz",
                "05_GSTAMA_POLYACLEANUP/sample1.chunk5_tama.fa.gz",
                "05_GSTAMA_POLYACLEANUP/sample1.chunk5_tama_polya_flnc_report.txt.gz",
                "05_GSTAMA_POLYACLEANUP/sample1.chunk5_tama_tails.fa.gz",
                "06_MINIMAP2",
                "06_MINIMAP2/sample4.chunk.1.bam",
                "06_MINIMAP2/sample4.chunk.1.bam.bai",
                "07_GSTAMA_COLLAPSE",
                "07_GSTAMA_COLLAPSE/sample4.chunk.1_collapsed.bed",
                "07_GSTAMA_COLLAPSE/sample4.chunk.1_local_density_error.txt",
                "07_GSTAMA_COLLAPSE/sample4.chunk.1_polya.txt",
                "07_GSTAMA_COLLAPSE/sample4.chunk.1_read.txt",
                "07_GSTAMA_COLLAPSE/sample4.chunk.1_strand_check.txt",
                "07_GSTAMA_COLLAPSE/sample4.chunk.1_trans_read.bed",
                "07_GSTAMA_COLLAPSE/sample4.chunk.1_trans_report.txt",
                "07_GSTAMA_COLLAPSE/sample4.chunk.1_varcov.txt",
                "07_GSTAMA_COLLAPSE/sample4.chunk.1_variants.txt",
                "08_GSTAMA_FILELIST",
                "08_GSTAMA_FILELIST/sample4.tsv",
                "09_GSTAMA_MERGE",
                "09_GSTAMA_MERGE/sample4.bed",
                "09_GSTAMA_MERGE/sample4_gene_report.txt",
                "09_GSTAMA_MERGE/sample4_merge.txt",
                "09_GSTAMA_MERGE/sample4_trans_report.txt",
                "multiqc",
                "multiqc/multiqc_data",
                "multiqc/multiqc_data/ccs-filter-graph.txt",
                "multiqc/multiqc_data/lima-filter-graph.txt",
                "multiqc/multiqc_data/llms-full.txt",
                "multiqc/multiqc_data/multiqc.log",
                "multiqc/multiqc_data/multiqc.parquet",
                "multiqc/multiqc_data/multiqc_ccs_report.txt",
                "multiqc/multiqc_data/multiqc_citations.txt",
                "multiqc/multiqc_data/multiqc_data.json",
                "multiqc/multiqc_data/multiqc_general_stats.txt",
                "multiqc/multiqc_data/multiqc_lima_counts.txt",
                "multiqc/multiqc_data/multiqc_lima_summary.txt",
                "multiqc/multiqc_data/multiqc_software_versions.txt",
                "multiqc/multiqc_data/multiqc_sources.txt",
                "multiqc/multiqc_plots",
                "multiqc/multiqc_plots/pdf",
                "multiqc/multiqc_plots/pdf/ccs-filter-graph-cnt.pdf",
                "multiqc/multiqc_plots/pdf/ccs-filter-graph-log.pdf",
                "multiqc/multiqc_plots/pdf/ccs-filter-graph-pct-log.pdf",
                "multiqc/multiqc_plots/pdf/ccs-filter-graph-pct.pdf",
                "multiqc/multiqc_plots/pdf/lima-filter-graph-cnt.pdf",
                "multiqc/multiqc_plots/pdf/lima-filter-graph-pct.pdf",
                "multiqc/multiqc_plots/pdf/multiqc_lima_counts.pdf",
                "multiqc/multiqc_plots/png",
                "multiqc/multiqc_plots/png/ccs-filter-graph-cnt.png",
                "multiqc/multiqc_plots/png/ccs-filter-graph-log.png",
                "multiqc/multiqc_plots/png/ccs-filter-graph-pct-log.png",
                "multiqc/multiqc_plots/png/ccs-filter-graph-pct.png",
                "multiqc/multiqc_plots/png/lima-filter-graph-cnt.png",
                "multiqc/multiqc_plots/png/lima-filter-graph-pct.png",
                "multiqc/multiqc_plots/png/multiqc_lima_counts.png",
                "multiqc/multiqc_plots/svg",
                "multiqc/multiqc_plots/svg/ccs-filter-graph-cnt.svg",
                "multiqc/multiqc_plots/svg/ccs-filter-graph-log.svg",
                "multiqc/multiqc_plots/svg/ccs-filter-graph-pct-log.svg",
                "multiqc/multiqc_plots/svg/ccs-filter-graph-pct.svg",
                "multiqc/multiqc_plots/svg/lima-filter-graph-cnt.svg",
                "multiqc/multiqc_plots/svg/lima-filter-graph-pct.svg",
                "multiqc/multiqc_plots/svg/multiqc_lima_counts.svg",
                "multiqc/multiqc_report.html",
                "pipeline_info",
                "pipeline_info/nf_core_isoseq_software_mqc_versions.yml"
            ],
            [
                "sample1.chunk1.bam:md5,9481bf0c3c6ca1fee7b5b38b8fbdebfb",
                "sample1.chunk1.bam.pbi:md5,d0ceccf8a45537c7c10b0c7f51dc7a13",
                "sample1.chunk1.report.txt:md5,5e2f87fae296a25c6135ca66fe34b371",
                "sample1.chunk2.bam:md5,18e94ae860bc94a2936584a210c0a93b",
                "sample1.chunk2.bam.pbi:md5,65af6241c304e3d8766888f8c18a8538",
                "sample1.chunk2.report.txt:md5,4160e01a1516a67d6b023216c4aa3e78",
                "sample1.chunk3.bam:md5,d72e4c28bde3b13d0ca33695282ddebb",
                "sample1.chunk3.bam.pbi:md5,0b831f8cff3c80a013446d2b5d915819",
                "sample1.chunk3.report.txt:md5,48fdb9fdc1a8605094174fd255d55319",
                "sample1.chunk4.bam:md5,6a89125ee84947048aa6f9b37d701a34",
                "sample1.chunk4.bam.pbi:md5,df1cd1ca7b3af92f540400fb8cd023e0",
                "sample1.chunk4.report.txt:md5,4f586f8642858074e802d9b19c5b9872",
                "sample1.chunk5.bam:md5,6ba56bc6fbb9ebb972fccc44e1c459e0",
                "sample1.chunk5.bam.pbi:md5,a9af4726d03150e93fff4ce0a6fe454e",
                "sample1.chunk5.report.txt:md5,a8dddb323068b43935cb7ccae165c373",
                "sample1.chunk1_flnc.NEB_5p--NEB_Clontech_3p.bam:md5,d7058d29cf28c4d5503ea270701761a2",
                "sample1.chunk1_flnc.NEB_5p--NEB_Clontech_3p.bam.pbi:md5,4d7e99787b4270f60bff4b0f95391c09",
                "sample1.chunk1_flnc.lima.clips:md5,454496196732c3f4880d7f8996b52892",
                "sample1.chunk1_flnc.lima.counts:md5,01bd4f886883d97a723ac130516126ef",
                "sample1.chunk1_flnc.lima.guess:md5,5a2ed97558c76fbfc42f6132512dac96",
                "sample1.chunk1_flnc.lima.report:md5,6238b8b855d29d8bdf3be414f50ef5e1",
                "sample1.chunk1_flnc.lima.summary:md5,574763ef859d52867dc7c6335e7d723a",
                "sample1.chunk2_flnc.NEB_5p--NEB_Clontech_3p.bam:md5,a53b3a82b260f15cb35057dee5a2595d",
                "sample1.chunk2_flnc.NEB_5p--NEB_Clontech_3p.bam.pbi:md5,75ca114855d8ba6eecab8e7512bb2224",
                "sample1.chunk2_flnc.lima.clips:md5,d6df63c3e3234ae443bc8713092ffb98",
                "sample1.chunk2_flnc.lima.counts:md5,8e9699fa9f37c7c3c57c1eb92ea687b3",
                "sample1.chunk2_flnc.lima.guess:md5,e6a608f7ad88a5977f37f378a7a1affb",
                "sample1.chunk2_flnc.lima.report:md5,548df65673730979dd840eaa1a3f07ea",
                "sample1.chunk2_flnc.lima.summary:md5,c258654f45e0be1aa1bc8f42c7fb2a4d",
                "sample1.chunk3_flnc.NEB_5p--NEB_Clontech_3p.bam:md5,5170fb65c8b010b691cc9b87ac88a29a",
                "sample1.chunk3_flnc.NEB_5p--NEB_Clontech_3p.bam.pbi:md5,ee14ef45cbbb26bc13998ced934bd22b",
                "sample1.chunk3_flnc.lima.clips:md5,d1fde602e417a5e3736e2cc99483fe12",
                "sample1.chunk3_flnc.lima.counts:md5,d1991b775c90482e41f2706c20277c8f",
                "sample1.chunk3_flnc.lima.guess:md5,8c88e61dbe378bb2e970e1c29cd3c4c1",
                "sample1.chunk3_flnc.lima.report:md5,48ef78d4b532addb48e4903924df5447",
                "sample1.chunk3_flnc.lima.summary:md5,365c6ebbeecec1ad1309ded9cf480272",
                "sample1.chunk4_flnc.NEB_5p--NEB_Clontech_3p.bam:md5,e9cd8590b88bbd9dc96464316fadb51e",
                "sample1.chunk4_flnc.NEB_5p--NEB_Clontech_3p.bam.pbi:md5,110cbdfebbf2c232408096b4a2dbcd1b",
                "sample1.chunk4_flnc.lima.clips:md5,633d02e7df637ddef9d5769ee7523639",
                "sample1.chunk4_flnc.lima.counts:md5,96aebefa4474767d7031e39d95a4d1c0",
                "sample1.chunk4_flnc.lima.guess:md5,374642ac513d7216f80c1d5a03b4c7b7",
                "sample1.chunk4_flnc.lima.report:md5,1643f293c8d4f547e3182b2428d92ccb",
                "sample1.chunk4_flnc.lima.summary:md5,fd432c63d1d5806d77c5092e366260ca",
                "sample1.chunk5_flnc.NEB_5p--NEB_Clontech_3p.bam:md5,3548c4568bffaf995af5fcb249d248d5",
                "sample1.chunk5_flnc.NEB_5p--NEB_Clontech_3p.bam.pbi:md5,7220b4fff714a27170d048145b1d641d",
                "sample1.chunk5_flnc.lima.clips:md5,ab0d851c6bae9ba9cf84a27d50fbba20",
                "sample1.chunk5_flnc.lima.counts:md5,2cd73105100cc69258a7431a5f5658a4",
                "sample1.chunk5_flnc.lima.guess:md5,08fdcaf443f65132f8ae831309dc713b",
                "sample1.chunk5_flnc.lima.report:md5,b98c98088e3e59765ad93aabe304e62d",
                "sample1.chunk5_flnc.lima.summary:md5,77bdbf2e0bce1597c974746aa1222df5",
                "sample1.chunk1.bam:md5,954233108bfd310207b728717112eb5d",
                "sample1.chunk1.bam.pbi:md5,7383f12d373361aac2d9d2158002ad04",
                "sample1.chunk1.report.csv:md5,44eeeb49c3f86a52f40ffbd8320e3a06",
                "sample1.chunk2.bam:md5,5cf5e0214cb1d867c86a156ed74aa631",
                "sample1.chunk2.bam.pbi:md5,aa43462ff21a04685840e389c6df23b8",
                "sample1.chunk2.report.csv:md5,3c000f3c2dceccec8e68e2101ccb29a0",
                "sample1.chunk3.bam:md5,0edb142fd8449d1b59e79376db003f2a",
                "sample1.chunk3.bam.pbi:md5,c171d37825de8e2d4f727a69565056e2",
                "sample1.chunk3.report.csv:md5,3f71153a4389c184848fbf9076dedfca",
                "sample1.chunk4.bam:md5,2fdd9d7fefaf718964f2a705f0ac26e8",
                "sample1.chunk4.bam.pbi:md5,13fe13a2a2bbca4dc4167538d122db1a",
                "sample1.chunk4.report.csv:md5,10438a332df3673df211529f3b55a635",
                "sample1.chunk5.bam:md5,a5884c40cf37b69c90220268e09dc1da",
                "sample1.chunk5.bam.pbi:md5,e0c55b17bfb759ad0722525f55503680",
                "sample1.chunk5.report.csv:md5,7dbdca744ba863b362410c4fb0fbb6ab",
                "sample1.chunk1.fasta:md5,32d548c6d7840dccf2542194aed84aee",
                "sample1.chunk2.fasta:md5,e59d9e3cc7163e0a7ba5f93f9a91a894",
                "sample1.chunk3.fasta:md5,6b7855f3ed392e3ea313d1fe732cfacf",
                "sample1.chunk4.fasta:md5,b955c90a945211d89e03069a751aed43",
                "sample1.chunk5.fasta:md5,0e126b8c3002e5fa600ef48732fa6183",
                "sample1.chunk1_tama.fa.gz:md5,123d1c8aa61372b00708bf187525a7e8",
                "sample1.chunk1_tama_polya_flnc_report.txt.gz:md5,6a47612bcb322b4a5e33f55d52c683f2",
                "sample1.chunk1_tama_tails.fa.gz:md5,b5265bd73fb2e18d3642e271caf81f38",
                "sample1.chunk2_tama.fa.gz:md5,1124febf474adbbb35051e091199b74a",
                "sample1.chunk2_tama_polya_flnc_report.txt.gz:md5,dd8fc1193f0269bc000c005c445245ef",
                "sample1.chunk2_tama_tails.fa.gz:md5,e1dddbef670a07cc9a6f37269c474aa1",
                "sample1.chunk3_tama.fa.gz:md5,5c831ec6cfb2061fc5e158c524689947",
                "sample1.chunk3_tama_polya_flnc_report.txt.gz:md5,81accd783a26ce65839b56b1b75ad1c7",
                "sample1.chunk3_tama_tails.fa.gz:md5,8182e5590ec98c390f20b2a4812bd608",
                "sample1.chunk4_tama.fa.gz:md5,5e2b0b58badab17820a2823261f62a4e",
                "sample1.chunk4_tama_polya_flnc_report.txt.gz:md5,aeeee9ec5e28c503ff485160de11c7e1",
                "sample1.chunk4_tama_tails.fa.gz:md5,725faa67458d60450123fd5837083e4e",
                "sample1.chunk5_tama.fa.gz:md5,098f3846cf39d3d7b5b1f2e2a8269778",
                "sample1.chunk5_tama_polya_flnc_report.txt.gz:md5,e1ab002d18f3e66637354e605bf0230d",
                "sample1.chunk5_tama_tails.fa.gz:md5,63aa1ecd22740aa311500f4f537a0082",
                "sample4.chunk.1.bam:md5,aaba495027b48abd3a73ca9f1fdaa239",
                "sample4.chunk.1.bam.bai:md5,300573e0a56a603f258a11d85b7e6f0e",
                "sample4.chunk.1_collapsed.bed:md5,66cf1481b1e69fa4cf3b13f07efd8c40",
                "sample4.chunk.1_local_density_error.txt:md5,2e2b91bbdd3225ebcd3402edf86a2cc6",
                "sample4.chunk.1_polya.txt:md5,6fd5552e7b2152e3b46cdee04b140104",
                "sample4.chunk.1_read.txt:md5,b0dc554a9b99c5f5b6fd3203f276c797",
                "sample4.chunk.1_strand_check.txt:md5,42cc52b2660b1e0b84e1c9ab37a965ec",
                "sample4.chunk.1_trans_read.bed:md5,347f03649d304377cb37dec40830d35c",
                "sample4.chunk.1_trans_report.txt:md5,e2b7c12377d7a4424b253898f0f0bd7a",
                "sample4.chunk.1_varcov.txt:md5,7b77861fe5e8e953d6d193ace2467e12",
                "sample4.chunk.1_variants.txt:md5,a4c518e1dfb7ff762bd7e5c3d7370986",
                "sample4.tsv:md5,56c7a784cbacb98d2808cad7862034f0",
                "sample4.bed:md5,66cf1481b1e69fa4cf3b13f07efd8c40",
                "sample4_gene_report.txt:md5,5b7307eaa0aa729ee7a4284351670efc",
                "sample4_merge.txt:md5,f4593127fe6ce579788c61d396510131",
                "sample4_trans_report.txt:md5,0df5ed5df4ef58ae7c697b7405b40a8b",
                "ccs-filter-graph.txt:md5,321bcf26069f3f93b199f25643fa957a",
                "multiqc_citations.txt:md5,4c806e63a283ec1b7e78cdae3a923d4f",
                "multiqc_general_stats.txt:md5,8dddc619d547087b978259234f7899ed",
                "multiqc_lima_counts.txt:md5,a2e8e8ca0c68cb43d2887b196d251ca4",
                "multiqc_lima_summary.txt:md5,7755d3ceba7b0cef3b7741e5fffd6616"
            ]
        ],
        "meta": {
            "nf-test": "0.9.3",
            "nextflow": "25.10.0"
        },
        "timestamp": "2025-11-03T13:38:20.733446504"
    }
}